Created output directory: /opt/hespas/hespas_workload/experiments/resnet_fusion/resnet_prof_run/resnet200_inference_step_4_devices
Dependency graph not loaded. Generating a new one.
Parsing mlir_file: /opt/hespas/hespas_workload/experiments/resnet_fusion/workloads/resnet200_inference_step_4_devices.mlir
----------------------------------------
Input file          | /opt/hespas/hespas_workload/experiments/resnet_fusion/workloads/resnet200_inference_step_4_devices.mlir
Number of non-expanded ops:| 3940
Split strategy      | linear_split
----------------------------------------
Dependency graph saved to /opt/hespas/hespas_workload/experiments/resnet_fusion/resnet_prof_run/resnet200_inference_step_4_devices/dependency_graph.dot
Number of splits: 4
Creating new MLIR modules for each split:
Saving private functions to: /opt/hespas/hespas_workload/experiments/resnet_fusion/resnet_prof_run/resnet200_inference_step_4_devices/private_functions.mlir
Generating MLIR Modules: 0modules [00:00, ?modules/s]Generating MLIR Modules: 0modules [00:00, ?modules/s, Mem cur:250MiB peak:250MiB]Generating MLIR Modules: 1modules [00:00, 10.73modules/s, Mem cur:250MiB peak:250MiB]Generating MLIR Modules: 4modules [00:00, 42.86modules/s, Mem cur:250MiB peak:250MiB]
Removed 0 empty mlir nodes from dependency graph
Dependency graph pickled and saved to /opt/hespas/hespas_workload/experiments/resnet_fusion/resnet_prof_run/resnet200_inference_step_4_devices/dependency_graph.pkl
Parsed 4 modules from the MLIR file.
No cached results found at: /opt/hespas/hespas_workload/experiments/resnet_fusion/resnet_prof_run/resnet200_inference_step_4_devices/cache.json
>>>> DiGraph with 4 nodes and 3 edges
-----------------------------------------------------------
Translating MLIR to HLO:
xla-translate --stablehlo-to-hlo-text -o /opt/hespas/hespas_workload/experiments/resnet_fusion/resnet_prof_run/resnet200_inference_step_4_devices/mini_module_3.hlo /opt/hespas/hespas_workload/experiments/resnet_fusion/resnet_prof_run/resnet200_inference_step_4_devices/mini_module_3.mlir
hlo_runner_main --num_repeats=5 --profile_execution=true --hlo_argument_mode=uninitialized /opt/hespas/hespas_workload/experiments/resnet_fusion/resnet_prof_run/resnet200_inference_step_4_devices/mini_module_3.hlo
------------------------------------------------
Runtime estimate for mini_module_3.mlir - runtime: 2970.3920000000003
-----------------------------------------------------------
Translating MLIR to HLO:
xla-translate --stablehlo-to-hlo-text -o /opt/hespas/hespas_workload/experiments/resnet_fusion/resnet_prof_run/resnet200_inference_step_4_devices/mini_module_2.hlo /opt/hespas/hespas_workload/experiments/resnet_fusion/resnet_prof_run/resnet200_inference_step_4_devices/mini_module_2.mlir
hlo_runner_main --num_repeats=5 --profile_execution=true --hlo_argument_mode=uninitialized /opt/hespas/hespas_workload/experiments/resnet_fusion/resnet_prof_run/resnet200_inference_step_4_devices/mini_module_2.hlo
------------------------------------------------
Runtime estimate for mini_module_2.mlir - runtime: 3559.1360000000004
-----------------------------------------------------------
Translating MLIR to HLO:
xla-translate --stablehlo-to-hlo-text -o /opt/hespas/hespas_workload/experiments/resnet_fusion/resnet_prof_run/resnet200_inference_step_4_devices/mini_module_1.hlo /opt/hespas/hespas_workload/experiments/resnet_fusion/resnet_prof_run/resnet200_inference_step_4_devices/mini_module_1.mlir
hlo_runner_main --num_repeats=5 --profile_execution=true --hlo_argument_mode=uninitialized /opt/hespas/hespas_workload/experiments/resnet_fusion/resnet_prof_run/resnet200_inference_step_4_devices/mini_module_1.hlo
------------------------------------------------
Runtime estimate for mini_module_1.mlir - runtime: 4979.9515
-----------------------------------------------------------
Translating MLIR to HLO:
xla-translate --stablehlo-to-hlo-text -o /opt/hespas/hespas_workload/experiments/resnet_fusion/resnet_prof_run/resnet200_inference_step_4_devices/mini_module_0.hlo /opt/hespas/hespas_workload/experiments/resnet_fusion/resnet_prof_run/resnet200_inference_step_4_devices/mini_module_0.mlir
hlo_runner_main --num_repeats=5 --profile_execution=true --hlo_argument_mode=uninitialized /opt/hespas/hespas_workload/experiments/resnet_fusion/resnet_prof_run/resnet200_inference_step_4_devices/mini_module_0.hlo
------------------------------------------------
Runtime estimate for mini_module_0.mlir - runtime: 8213.991750000001
------------------------------------------------------------
Linking chakra traces 4 times for all devices.
Chakra gen done.
Cache hits: 0
Basic block reuse rate: 0.00 (0/4)
Operator reuse factor: 0.00 (0/4341)
Total estimator time taken: 16.83s vs total time (without caching): 16.826s (-0.025% reduction)
Compute Runtime Estimation: 19723.47 us
Stats: {}
------------------------------------------------------------
Done. Output directory: /opt/hespas/hespas_workload/experiments/resnet_fusion/resnet_prof_run/resnet200_inference_step_4_devices
Took 16.835s
