Created output directory: /opt/hespas/hespas_workload/experiments/resnet_fusion/resnet_prof_run/resnet18_train_step_4_devices
Dependency graph not loaded. Generating a new one.
Parsing mlir_file: /opt/hespas/hespas_workload/experiments/resnet_fusion/workloads/resnet18_train_step_4_devices.mlir
----------------------------------------
Input file          | /opt/hespas/hespas_workload/experiments/resnet_fusion/workloads/resnet18_train_step_4_devices.mlir
Number of non-expanded ops:| 4500
Split strategy      | linear_split
----------------------------------------
Dependency graph saved to /opt/hespas/hespas_workload/experiments/resnet_fusion/resnet_prof_run/resnet18_train_step_4_devices/dependency_graph.dot
Number of splits: 188
Creating new MLIR modules for each split:
Saving private functions to: /opt/hespas/hespas_workload/experiments/resnet_fusion/resnet_prof_run/resnet18_train_step_4_devices/private_functions.mlir
Generating MLIR Modules: 0modules [00:00, ?modules/s]Generating MLIR Modules: 0modules [00:00, ?modules/s, Mem cur:252MiB peak:252MiB]Generating MLIR Modules: 1modules [00:00,  8.88modules/s, Mem cur:252MiB peak:252MiB]Generating MLIR Modules: 1modules [00:00,  8.88modules/s, Mem cur:252MiB peak:252MiB]Generating MLIR Modules: 188modules [00:00, 886.99modules/s, Mem cur:252MiB peak:252MiB]Generating MLIR Modules: 188modules [00:00, 765.72modules/s, Mem cur:252MiB peak:252MiB]
Removed 0 empty mlir nodes from dependency graph
Dependency graph pickled and saved to /opt/hespas/hespas_workload/experiments/resnet_fusion/resnet_prof_run/resnet18_train_step_4_devices/dependency_graph.pkl
Parsed 188 modules from the MLIR file.
No cached results found at: /opt/hespas/hespas_workload/experiments/resnet_fusion/resnet_prof_run/resnet18_train_step_4_devices/cache.json
>>>> DiGraph with 188 nodes and 187 edges
-----------------------------------------------------------
Translating MLIR to HLO:
xla-translate --stablehlo-to-hlo-text -o /opt/hespas/hespas_workload/experiments/resnet_fusion/resnet_prof_run/resnet18_train_step_4_devices/mini_module_187.hlo /opt/hespas/hespas_workload/experiments/resnet_fusion/resnet_prof_run/resnet18_train_step_4_devices/mini_module_187.mlir
hlo_runner_main --num_repeats=5 --profile_execution=true --hlo_argument_mode=uninitialized /opt/hespas/hespas_workload/experiments/resnet_fusion/resnet_prof_run/resnet18_train_step_4_devices/mini_module_187.hlo
------------------------------------------------
Runtime estimate for mini_module_187.mlir - runtime: 192.24800000000002
-----------------------------------------------------------
Translating MLIR to HLO:
xla-translate --stablehlo-to-hlo-text -o /opt/hespas/hespas_workload/experiments/resnet_fusion/resnet_prof_run/resnet18_train_step_4_devices/mini_module_146.hlo /opt/hespas/hespas_workload/experiments/resnet_fusion/resnet_prof_run/resnet18_train_step_4_devices/mini_module_146.mlir
hlo_runner_main --num_repeats=5 --profile_execution=true --hlo_argument_mode=uninitialized /opt/hespas/hespas_workload/experiments/resnet_fusion/resnet_prof_run/resnet18_train_step_4_devices/mini_module_146.hlo
------------------------------------------------
Runtime estimate for mini_module_146.mlir - runtime: 8.696000000000002
-----------------------------------------------------------
Translating MLIR to HLO:
xla-translate --stablehlo-to-hlo-text -o /opt/hespas/hespas_workload/experiments/resnet_fusion/resnet_prof_run/resnet18_train_step_4_devices/mini_module_145.hlo /opt/hespas/hespas_workload/experiments/resnet_fusion/resnet_prof_run/resnet18_train_step_4_devices/mini_module_145.mlir
hlo_runner_main --num_repeats=5 --profile_execution=true --hlo_argument_mode=uninitialized /opt/hespas/hespas_workload/experiments/resnet_fusion/resnet_prof_run/resnet18_train_step_4_devices/mini_module_145.hlo
------------------------------------------------
Runtime estimate for mini_module_145.mlir - runtime: 108.56800000000001
-----------------------------------------------------------
Translating MLIR to HLO:
xla-translate --stablehlo-to-hlo-text -o /opt/hespas/hespas_workload/experiments/resnet_fusion/resnet_prof_run/resnet18_train_step_4_devices/mini_module_80.hlo /opt/hespas/hespas_workload/experiments/resnet_fusion/resnet_prof_run/resnet18_train_step_4_devices/mini_module_80.mlir
hlo_runner_main --num_repeats=5 --profile_execution=true --hlo_argument_mode=uninitialized /opt/hespas/hespas_workload/experiments/resnet_fusion/resnet_prof_run/resnet18_train_step_4_devices/mini_module_80.hlo
------------------------------------------------
Runtime estimate for mini_module_80.mlir - runtime: 1314.296
-----------------------------------------------------------
Translating MLIR to HLO:
xla-translate --stablehlo-to-hlo-text -o /opt/hespas/hespas_workload/experiments/resnet_fusion/resnet_prof_run/resnet18_train_step_4_devices/mini_module_78.hlo /opt/hespas/hespas_workload/experiments/resnet_fusion/resnet_prof_run/resnet18_train_step_4_devices/mini_module_78.mlir
hlo_runner_main --num_repeats=5 --profile_execution=true --hlo_argument_mode=uninitialized /opt/hespas/hespas_workload/experiments/resnet_fusion/resnet_prof_run/resnet18_train_step_4_devices/mini_module_78.hlo
------------------------------------------------
Runtime estimate for mini_module_78.mlir - runtime: 2130.7200000000003
-----------------------------------------------------------
Translating MLIR to HLO:
xla-translate --stablehlo-to-hlo-text -o /opt/hespas/hespas_workload/experiments/resnet_fusion/resnet_prof_run/resnet18_train_step_4_devices/mini_module_76.hlo /opt/hespas/hespas_workload/experiments/resnet_fusion/resnet_prof_run/resnet18_train_step_4_devices/mini_module_76.mlir
hlo_runner_main --num_repeats=5 --profile_execution=true --hlo_argument_mode=uninitialized /opt/hespas/hespas_workload/experiments/resnet_fusion/resnet_prof_run/resnet18_train_step_4_devices/mini_module_76.hlo
------------------------------------------------
Runtime estimate for mini_module_76.mlir - runtime: 371.728
-----------------------------------------------------------
Translating MLIR to HLO:
xla-translate --stablehlo-to-hlo-text -o /opt/hespas/hespas_workload/experiments/resnet_fusion/resnet_prof_run/resnet18_train_step_4_devices/mini_module_74.hlo /opt/hespas/hespas_workload/experiments/resnet_fusion/resnet_prof_run/resnet18_train_step_4_devices/mini_module_74.mlir
hlo_runner_main --num_repeats=5 --profile_execution=true --hlo_argument_mode=uninitialized /opt/hespas/hespas_workload/experiments/resnet_fusion/resnet_prof_run/resnet18_train_step_4_devices/mini_module_74.hlo
------------------------------------------------
Runtime estimate for mini_module_74.mlir - runtime: 391.65600000000006
-----------------------------------------------------------
Cache hit (76) for mini_module_72.mlir - runtime: 371.728
-----------------------------------------------------------
Translating MLIR to HLO:
xla-translate --stablehlo-to-hlo-text -o /opt/hespas/hespas_workload/experiments/resnet_fusion/resnet_prof_run/resnet18_train_step_4_devices/mini_module_70.hlo /opt/hespas/hespas_workload/experiments/resnet_fusion/resnet_prof_run/resnet18_train_step_4_devices/mini_module_70.mlir
hlo_runner_main --num_repeats=5 --profile_execution=true --hlo_argument_mode=uninitialized /opt/hespas/hespas_workload/experiments/resnet_fusion/resnet_prof_run/resnet18_train_step_4_devices/mini_module_70.hlo
------------------------------------------------
Runtime estimate for mini_module_70.mlir - runtime: 520.9680000000001
-----------------------------------------------------------
Translating MLIR to HLO:
xla-translate --stablehlo-to-hlo-text -o /opt/hespas/hespas_workload/experiments/resnet_fusion/resnet_prof_run/resnet18_train_step_4_devices/mini_module_68.hlo /opt/hespas/hespas_workload/experiments/resnet_fusion/resnet_prof_run/resnet18_train_step_4_devices/mini_module_68.mlir
hlo_runner_main --num_repeats=5 --profile_execution=true --hlo_argument_mode=uninitialized /opt/hespas/hespas_workload/experiments/resnet_fusion/resnet_prof_run/resnet18_train_step_4_devices/mini_module_68.hlo
------------------------------------------------
Runtime estimate for mini_module_68.mlir - runtime: 243.20000000000002
-----------------------------------------------------------
Translating MLIR to HLO:
xla-translate --stablehlo-to-hlo-text -o /opt/hespas/hespas_workload/experiments/resnet_fusion/resnet_prof_run/resnet18_train_step_4_devices/mini_module_66.hlo /opt/hespas/hespas_workload/experiments/resnet_fusion/resnet_prof_run/resnet18_train_step_4_devices/mini_module_66.mlir
hlo_runner_main --num_repeats=5 --profile_execution=true --hlo_argument_mode=uninitialized /opt/hespas/hespas_workload/experiments/resnet_fusion/resnet_prof_run/resnet18_train_step_4_devices/mini_module_66.hlo
------------------------------------------------
Runtime estimate for mini_module_66.mlir - runtime: 209.92800000000003
-----------------------------------------------------------
Translating MLIR to HLO:
xla-translate --stablehlo-to-hlo-text -o /opt/hespas/hespas_workload/experiments/resnet_fusion/resnet_prof_run/resnet18_train_step_4_devices/mini_module_64.hlo /opt/hespas/hespas_workload/experiments/resnet_fusion/resnet_prof_run/resnet18_train_step_4_devices/mini_module_64.mlir
hlo_runner_main --num_repeats=5 --profile_execution=true --hlo_argument_mode=uninitialized /opt/hespas/hespas_workload/experiments/resnet_fusion/resnet_prof_run/resnet18_train_step_4_devices/mini_module_64.hlo
------------------------------------------------
Runtime estimate for mini_module_64.mlir - runtime: 249.376
-----------------------------------------------------------
Cache hit (68) for mini_module_62.mlir - runtime: 243.20000000000002
-----------------------------------------------------------
Translating MLIR to HLO:
xla-translate --stablehlo-to-hlo-text -o /opt/hespas/hespas_workload/experiments/resnet_fusion/resnet_prof_run/resnet18_train_step_4_devices/mini_module_60.hlo /opt/hespas/hespas_workload/experiments/resnet_fusion/resnet_prof_run/resnet18_train_step_4_devices/mini_module_60.mlir
hlo_runner_main --num_repeats=5 --profile_execution=true --hlo_argument_mode=uninitialized /opt/hespas/hespas_workload/experiments/resnet_fusion/resnet_prof_run/resnet18_train_step_4_devices/mini_module_60.hlo
------------------------------------------------
Runtime estimate for mini_module_60.mlir - runtime: 221.16000000000005
-----------------------------------------------------------
Translating MLIR to HLO:
xla-translate --stablehlo-to-hlo-text -o /opt/hespas/hespas_workload/experiments/resnet_fusion/resnet_prof_run/resnet18_train_step_4_devices/mini_module_58.hlo /opt/hespas/hespas_workload/experiments/resnet_fusion/resnet_prof_run/resnet18_train_step_4_devices/mini_module_58.mlir
hlo_runner_main --num_repeats=5 --profile_execution=true --hlo_argument_mode=uninitialized /opt/hespas/hespas_workload/experiments/resnet_fusion/resnet_prof_run/resnet18_train_step_4_devices/mini_module_58.hlo
------------------------------------------------
Runtime estimate for mini_module_58.mlir - runtime: 169.97600000000003
-----------------------------------------------------------
Translating MLIR to HLO:
xla-translate --stablehlo-to-hlo-text -o /opt/hespas/hespas_workload/experiments/resnet_fusion/resnet_prof_run/resnet18_train_step_4_devices/mini_module_56.hlo /opt/hespas/hespas_workload/experiments/resnet_fusion/resnet_prof_run/resnet18_train_step_4_devices/mini_module_56.mlir
hlo_runner_main --num_repeats=5 --profile_execution=true --hlo_argument_mode=uninitialized /opt/hespas/hespas_workload/experiments/resnet_fusion/resnet_prof_run/resnet18_train_step_4_devices/mini_module_56.hlo
------------------------------------------------
Runtime estimate for mini_module_56.mlir - runtime: 130.02400000000003
-----------------------------------------------------------
Translating MLIR to HLO:
xla-translate --stablehlo-to-hlo-text -o /opt/hespas/hespas_workload/experiments/resnet_fusion/resnet_prof_run/resnet18_train_step_4_devices/mini_module_54.hlo /opt/hespas/hespas_workload/experiments/resnet_fusion/resnet_prof_run/resnet18_train_step_4_devices/mini_module_54.mlir
hlo_runner_main --num_repeats=5 --profile_execution=true --hlo_argument_mode=uninitialized /opt/hespas/hespas_workload/experiments/resnet_fusion/resnet_prof_run/resnet18_train_step_4_devices/mini_module_54.hlo
------------------------------------------------
Runtime estimate for mini_module_54.mlir - runtime: 177.144
-----------------------------------------------------------
Cache hit (58) for mini_module_52.mlir - runtime: 169.97600000000003
-----------------------------------------------------------
Translating MLIR to HLO:
xla-translate --stablehlo-to-hlo-text -o /opt/hespas/hespas_workload/experiments/resnet_fusion/resnet_prof_run/resnet18_train_step_4_devices/mini_module_50.hlo /opt/hespas/hespas_workload/experiments/resnet_fusion/resnet_prof_run/resnet18_train_step_4_devices/mini_module_50.mlir
hlo_runner_main --num_repeats=5 --profile_execution=true --hlo_argument_mode=uninitialized /opt/hespas/hespas_workload/experiments/resnet_fusion/resnet_prof_run/resnet18_train_step_4_devices/mini_module_50.hlo
------------------------------------------------
Runtime estimate for mini_module_50.mlir - runtime: 171.51200000000003
-----------------------------------------------------------
Translating MLIR to HLO:
xla-translate --stablehlo-to-hlo-text -o /opt/hespas/hespas_workload/experiments/resnet_fusion/resnet_prof_run/resnet18_train_step_4_devices/mini_module_48.hlo /opt/hespas/hespas_workload/experiments/resnet_fusion/resnet_prof_run/resnet18_train_step_4_devices/mini_module_48.mlir
hlo_runner_main --num_repeats=5 --profile_execution=true --hlo_argument_mode=uninitialized /opt/hespas/hespas_workload/experiments/resnet_fusion/resnet_prof_run/resnet18_train_step_4_devices/mini_module_48.hlo
------------------------------------------------
Runtime estimate for mini_module_48.mlir - runtime: 139.768
-----------------------------------------------------------
Translating MLIR to HLO:
xla-translate --stablehlo-to-hlo-text -o /opt/hespas/hespas_workload/experiments/resnet_fusion/resnet_prof_run/resnet18_train_step_4_devices/mini_module_46.hlo /opt/hespas/hespas_workload/experiments/resnet_fusion/resnet_prof_run/resnet18_train_step_4_devices/mini_module_46.mlir
hlo_runner_main --num_repeats=5 --profile_execution=true --hlo_argument_mode=uninitialized /opt/hespas/hespas_workload/experiments/resnet_fusion/resnet_prof_run/resnet18_train_step_4_devices/mini_module_46.hlo
------------------------------------------------
Runtime estimate for mini_module_46.mlir - runtime: 100.36000000000001
-----------------------------------------------------------
Translating MLIR to HLO:
xla-translate --stablehlo-to-hlo-text -o /opt/hespas/hespas_workload/experiments/resnet_fusion/resnet_prof_run/resnet18_train_step_4_devices/mini_module_44.hlo /opt/hespas/hespas_workload/experiments/resnet_fusion/resnet_prof_run/resnet18_train_step_4_devices/mini_module_44.mlir
hlo_runner_main --num_repeats=5 --profile_execution=true --hlo_argument_mode=uninitialized /opt/hespas/hespas_workload/experiments/resnet_fusion/resnet_prof_run/resnet18_train_step_4_devices/mini_module_44.hlo
------------------------------------------------
Runtime estimate for mini_module_44.mlir - runtime: 144.936
-----------------------------------------------------------
Cache hit (48) for mini_module_42.mlir - runtime: 139.768
-----------------------------------------------------------
Translating MLIR to HLO:
xla-translate --stablehlo-to-hlo-text -o /opt/hespas/hespas_workload/experiments/resnet_fusion/resnet_prof_run/resnet18_train_step_4_devices/mini_module_40.hlo /opt/hespas/hespas_workload/experiments/resnet_fusion/resnet_prof_run/resnet18_train_step_4_devices/mini_module_40.mlir
hlo_runner_main --num_repeats=5 --profile_execution=true --hlo_argument_mode=uninitialized /opt/hespas/hespas_workload/experiments/resnet_fusion/resnet_prof_run/resnet18_train_step_4_devices/mini_module_40.hlo
------------------------------------------------
Runtime estimate for mini_module_40.mlir - runtime: 154.11200000000005
-----------------------------------------------------------
Translating MLIR to HLO:
xla-translate --stablehlo-to-hlo-text -o /opt/hespas/hespas_workload/experiments/resnet_fusion/resnet_prof_run/resnet18_train_step_4_devices/mini_module_38.hlo /opt/hespas/hespas_workload/experiments/resnet_fusion/resnet_prof_run/resnet18_train_step_4_devices/mini_module_38.mlir
hlo_runner_main --num_repeats=5 --profile_execution=true --hlo_argument_mode=uninitialized /opt/hespas/hespas_workload/experiments/resnet_fusion/resnet_prof_run/resnet18_train_step_4_devices/mini_module_38.hlo
------------------------------------------------
Runtime estimate for mini_module_38.mlir - runtime: 87.552
-----------------------------------------------------------
Translating MLIR to HLO:
xla-translate --stablehlo-to-hlo-text -o /opt/hespas/hespas_workload/experiments/resnet_fusion/resnet_prof_run/resnet18_train_step_4_devices/mini_module_36.hlo /opt/hespas/hespas_workload/experiments/resnet_fusion/resnet_prof_run/resnet18_train_step_4_devices/mini_module_36.mlir
hlo_runner_main --num_repeats=5 --profile_execution=true --hlo_argument_mode=uninitialized /opt/hespas/hespas_workload/experiments/resnet_fusion/resnet_prof_run/resnet18_train_step_4_devices/mini_module_36.hlo
------------------------------------------------
Runtime estimate for mini_module_36.mlir - runtime: 86.04000000000002
-----------------------------------------------------------
Translating MLIR to HLO:
xla-translate --stablehlo-to-hlo-text -o /opt/hespas/hespas_workload/experiments/resnet_fusion/resnet_prof_run/resnet18_train_step_4_devices/mini_module_34.hlo /opt/hespas/hespas_workload/experiments/resnet_fusion/resnet_prof_run/resnet18_train_step_4_devices/mini_module_34.mlir
hlo_runner_main --num_repeats=5 --profile_execution=true --hlo_argument_mode=uninitialized /opt/hespas/hespas_workload/experiments/resnet_fusion/resnet_prof_run/resnet18_train_step_4_devices/mini_module_34.hlo
------------------------------------------------
Runtime estimate for mini_module_34.mlir - runtime: 41.496
-----------------------------------------------------------
Cache hit (38) for mini_module_32.mlir - runtime: 87.552
-----------------------------------------------------------
Translating MLIR to HLO:
xla-translate --stablehlo-to-hlo-text -o /opt/hespas/hespas_workload/experiments/resnet_fusion/resnet_prof_run/resnet18_train_step_4_devices/mini_module_30.hlo /opt/hespas/hespas_workload/experiments/resnet_fusion/resnet_prof_run/resnet18_train_step_4_devices/mini_module_30.mlir
hlo_runner_main --num_repeats=5 --profile_execution=true --hlo_argument_mode=uninitialized /opt/hespas/hespas_workload/experiments/resnet_fusion/resnet_prof_run/resnet18_train_step_4_devices/mini_module_30.hlo
------------------------------------------------
Runtime estimate for mini_module_30.mlir - runtime: 133.12
-----------------------------------------------------------
Translating MLIR to HLO:
xla-translate --stablehlo-to-hlo-text -o /opt/hespas/hespas_workload/experiments/resnet_fusion/resnet_prof_run/resnet18_train_step_4_devices/mini_module_28.hlo /opt/hespas/hespas_workload/experiments/resnet_fusion/resnet_prof_run/resnet18_train_step_4_devices/mini_module_28.mlir
hlo_runner_main --num_repeats=5 --profile_execution=true --hlo_argument_mode=uninitialized /opt/hespas/hespas_workload/experiments/resnet_fusion/resnet_prof_run/resnet18_train_step_4_devices/mini_module_28.hlo
------------------------------------------------
Runtime estimate for mini_module_28.mlir - runtime: 100.864
-----------------------------------------------------------
Translating MLIR to HLO:
xla-translate --stablehlo-to-hlo-text -o /opt/hespas/hespas_workload/experiments/resnet_fusion/resnet_prof_run/resnet18_train_step_4_devices/mini_module_26.hlo /opt/hespas/hespas_workload/experiments/resnet_fusion/resnet_prof_run/resnet18_train_step_4_devices/mini_module_26.mlir
hlo_runner_main --num_repeats=5 --profile_execution=true --hlo_argument_mode=uninitialized /opt/hespas/hespas_workload/experiments/resnet_fusion/resnet_prof_run/resnet18_train_step_4_devices/mini_module_26.hlo
------------------------------------------------
Runtime estimate for mini_module_26.mlir - runtime: 107.024
-----------------------------------------------------------
Translating MLIR to HLO:
xla-translate --stablehlo-to-hlo-text -o /opt/hespas/hespas_workload/experiments/resnet_fusion/resnet_prof_run/resnet18_train_step_4_devices/mini_module_24.hlo /opt/hespas/hespas_workload/experiments/resnet_fusion/resnet_prof_run/resnet18_train_step_4_devices/mini_module_24.mlir
hlo_runner_main --num_repeats=5 --profile_execution=true --hlo_argument_mode=uninitialized /opt/hespas/hespas_workload/experiments/resnet_fusion/resnet_prof_run/resnet18_train_step_4_devices/mini_module_24.hlo
------------------------------------------------
Runtime estimate for mini_module_24.mlir - runtime: 60.41600000000001
-----------------------------------------------------------
Cache hit (28) for mini_module_22.mlir - runtime: 100.864
-----------------------------------------------------------
Translating MLIR to HLO:
xla-translate --stablehlo-to-hlo-text -o /opt/hespas/hespas_workload/experiments/resnet_fusion/resnet_prof_run/resnet18_train_step_4_devices/mini_module_20.hlo /opt/hespas/hespas_workload/experiments/resnet_fusion/resnet_prof_run/resnet18_train_step_4_devices/mini_module_20.mlir
hlo_runner_main --num_repeats=5 --profile_execution=true --hlo_argument_mode=uninitialized /opt/hespas/hespas_workload/experiments/resnet_fusion/resnet_prof_run/resnet18_train_step_4_devices/mini_module_20.hlo
------------------------------------------------
Runtime estimate for mini_module_20.mlir - runtime: 173.00800000000004
-----------------------------------------------------------
Translating MLIR to HLO:
xla-translate --stablehlo-to-hlo-text -o /opt/hespas/hespas_workload/experiments/resnet_fusion/resnet_prof_run/resnet18_train_step_4_devices/mini_module_18.hlo /opt/hespas/hespas_workload/experiments/resnet_fusion/resnet_prof_run/resnet18_train_step_4_devices/mini_module_18.mlir
hlo_runner_main --num_repeats=5 --profile_execution=true --hlo_argument_mode=uninitialized /opt/hespas/hespas_workload/experiments/resnet_fusion/resnet_prof_run/resnet18_train_step_4_devices/mini_module_18.hlo
------------------------------------------------
Runtime estimate for mini_module_18.mlir - runtime: 136.192
-----------------------------------------------------------
Translating MLIR to HLO:
xla-translate --stablehlo-to-hlo-text -o /opt/hespas/hespas_workload/experiments/resnet_fusion/resnet_prof_run/resnet18_train_step_4_devices/mini_module_16.hlo /opt/hespas/hespas_workload/experiments/resnet_fusion/resnet_prof_run/resnet18_train_step_4_devices/mini_module_16.mlir
hlo_runner_main --num_repeats=5 --profile_execution=true --hlo_argument_mode=uninitialized /opt/hespas/hespas_workload/experiments/resnet_fusion/resnet_prof_run/resnet18_train_step_4_devices/mini_module_16.hlo
------------------------------------------------
Runtime estimate for mini_module_16.mlir - runtime: 143.36
-----------------------------------------------------------
Translating MLIR to HLO:
xla-translate --stablehlo-to-hlo-text -o /opt/hespas/hespas_workload/experiments/resnet_fusion/resnet_prof_run/resnet18_train_step_4_devices/mini_module_14.hlo /opt/hespas/hespas_workload/experiments/resnet_fusion/resnet_prof_run/resnet18_train_step_4_devices/mini_module_14.mlir
hlo_runner_main --num_repeats=5 --profile_execution=true --hlo_argument_mode=uninitialized /opt/hespas/hespas_workload/experiments/resnet_fusion/resnet_prof_run/resnet18_train_step_4_devices/mini_module_14.hlo
------------------------------------------------
Runtime estimate for mini_module_14.mlir - runtime: 86.42400000000002
-----------------------------------------------------------
Cache hit (18) for mini_module_12.mlir - runtime: 136.192
-----------------------------------------------------------
Translating MLIR to HLO:
xla-translate --stablehlo-to-hlo-text -o /opt/hespas/hespas_workload/experiments/resnet_fusion/resnet_prof_run/resnet18_train_step_4_devices/mini_module_10.hlo /opt/hespas/hespas_workload/experiments/resnet_fusion/resnet_prof_run/resnet18_train_step_4_devices/mini_module_10.mlir
hlo_runner_main --num_repeats=5 --profile_execution=true --hlo_argument_mode=uninitialized /opt/hespas/hespas_workload/experiments/resnet_fusion/resnet_prof_run/resnet18_train_step_4_devices/mini_module_10.hlo
------------------------------------------------
Runtime estimate for mini_module_10.mlir - runtime: 238.60800000000003
-----------------------------------------------------------
Translating MLIR to HLO:
xla-translate --stablehlo-to-hlo-text -o /opt/hespas/hespas_workload/experiments/resnet_fusion/resnet_prof_run/resnet18_train_step_4_devices/mini_module_8.hlo /opt/hespas/hespas_workload/experiments/resnet_fusion/resnet_prof_run/resnet18_train_step_4_devices/mini_module_8.mlir
hlo_runner_main --num_repeats=5 --profile_execution=true --hlo_argument_mode=uninitialized /opt/hespas/hespas_workload/experiments/resnet_fusion/resnet_prof_run/resnet18_train_step_4_devices/mini_module_8.hlo
------------------------------------------------
Runtime estimate for mini_module_8.mlir - runtime: 203.75200000000004
-----------------------------------------------------------
Translating MLIR to HLO:
xla-translate --stablehlo-to-hlo-text -o /opt/hespas/hespas_workload/experiments/resnet_fusion/resnet_prof_run/resnet18_train_step_4_devices/mini_module_6.hlo /opt/hespas/hespas_workload/experiments/resnet_fusion/resnet_prof_run/resnet18_train_step_4_devices/mini_module_6.mlir
hlo_runner_main --num_repeats=5 --profile_execution=true --hlo_argument_mode=uninitialized /opt/hespas/hespas_workload/experiments/resnet_fusion/resnet_prof_run/resnet18_train_step_4_devices/mini_module_6.hlo
------------------------------------------------
Runtime estimate for mini_module_6.mlir - runtime: 213.52800000000002
-----------------------------------------------------------
Cache hit (8) for mini_module_4.mlir - runtime: 203.75200000000004
-----------------------------------------------------------
Translating MLIR to HLO:
xla-translate --stablehlo-to-hlo-text -o /opt/hespas/hespas_workload/experiments/resnet_fusion/resnet_prof_run/resnet18_train_step_4_devices/mini_module_2.hlo /opt/hespas/hespas_workload/experiments/resnet_fusion/resnet_prof_run/resnet18_train_step_4_devices/mini_module_2.mlir
hlo_runner_main --num_repeats=5 --profile_execution=true --hlo_argument_mode=uninitialized /opt/hespas/hespas_workload/experiments/resnet_fusion/resnet_prof_run/resnet18_train_step_4_devices/mini_module_2.hlo
------------------------------------------------
Runtime estimate for mini_module_2.mlir - runtime: 684.5600000000001
-----------------------------------------------------------
Translating MLIR to HLO:
xla-translate --stablehlo-to-hlo-text -o /opt/hespas/hespas_workload/experiments/resnet_fusion/resnet_prof_run/resnet18_train_step_4_devices/mini_module_0.hlo /opt/hespas/hespas_workload/experiments/resnet_fusion/resnet_prof_run/resnet18_train_step_4_devices/mini_module_0.mlir
hlo_runner_main --num_repeats=5 --profile_execution=true --hlo_argument_mode=uninitialized /opt/hespas/hespas_workload/experiments/resnet_fusion/resnet_prof_run/resnet18_train_step_4_devices/mini_module_0.hlo
------------------------------------------------
Runtime estimate for mini_module_0.mlir - runtime: 1866.2400000000002
------------------------------------------------------------
Linking chakra traces 4 times for all devices.
Chakra gen done.
Cache hits: 8
Basic block reuse rate: 0.18 (8/44)
Operator reuse factor: 0.12 (536/4507)
Total estimator time taken: 117.277s vs total time (without caching): 141.847s (17.321% reduction)
Compute Runtime Estimation: 12965.59 us
Stats: {}
------------------------------------------------------------
Done. Output directory: /opt/hespas/hespas_workload/experiments/resnet_fusion/resnet_prof_run/resnet18_train_step_4_devices
Took 117.292s
