Created output directory: /opt/hespas/hespas_workload/experiments/resnet_fusion/resnet_prof_run/resnet101_inference_step_4_devices
Dependency graph not loaded. Generating a new one.
Parsing mlir_file: /opt/hespas/hespas_workload/experiments/resnet_fusion/workloads/resnet101_inference_step_4_devices.mlir
----------------------------------------
Input file          | /opt/hespas/hespas_workload/experiments/resnet_fusion/workloads/resnet101_inference_step_4_devices.mlir
Number of non-expanded ops:| 2026
Split strategy      | linear_split
----------------------------------------
Dependency graph saved to /opt/hespas/hespas_workload/experiments/resnet_fusion/resnet_prof_run/resnet101_inference_step_4_devices/dependency_graph.dot
Number of splits: 2
Creating new MLIR modules for each split:
Saving private functions to: /opt/hespas/hespas_workload/experiments/resnet_fusion/resnet_prof_run/resnet101_inference_step_4_devices/private_functions.mlir
Generating MLIR Modules: 0modules [00:00, ?modules/s]Generating MLIR Modules: 0modules [00:00, ?modules/s, Mem cur:264MiB peak:264MiB]Generating MLIR Modules: 1modules [00:00, 28.33modules/s, Mem cur:264MiB peak:264MiB]Generating MLIR Modules: 2modules [00:00, 56.57modules/s, Mem cur:264MiB peak:264MiB]
Removed 0 empty mlir nodes from dependency graph
Dependency graph pickled and saved to /opt/hespas/hespas_workload/experiments/resnet_fusion/resnet_prof_run/resnet101_inference_step_4_devices/dependency_graph.pkl
Parsed 2 modules from the MLIR file.
No cached results found at: /opt/hespas/hespas_workload/experiments/resnet_fusion/resnet_prof_run/resnet101_inference_step_4_devices/cache.json
>>>> DiGraph with 2 nodes and 1 edges
-----------------------------------------------------------
Translating MLIR to HLO:
xla-translate --stablehlo-to-hlo-text -o /opt/hespas/hespas_workload/experiments/resnet_fusion/resnet_prof_run/resnet101_inference_step_4_devices/mini_module_1.hlo /opt/hespas/hespas_workload/experiments/resnet_fusion/resnet_prof_run/resnet101_inference_step_4_devices/mini_module_1.mlir
hlo_runner_main --num_repeats=5 --profile_execution=true --hlo_argument_mode=uninitialized /opt/hespas/hespas_workload/experiments/resnet_fusion/resnet_prof_run/resnet101_inference_step_4_devices/mini_module_1.hlo
------------------------------------------------
Runtime estimate for mini_module_1.mlir - runtime: 3430.4240000000004
-----------------------------------------------------------
Translating MLIR to HLO:
xla-translate --stablehlo-to-hlo-text -o /opt/hespas/hespas_workload/experiments/resnet_fusion/resnet_prof_run/resnet101_inference_step_4_devices/mini_module_0.hlo /opt/hespas/hespas_workload/experiments/resnet_fusion/resnet_prof_run/resnet101_inference_step_4_devices/mini_module_0.mlir
hlo_runner_main --num_repeats=5 --profile_execution=true --hlo_argument_mode=uninitialized /opt/hespas/hespas_workload/experiments/resnet_fusion/resnet_prof_run/resnet101_inference_step_4_devices/mini_module_0.hlo
------------------------------------------------
Runtime estimate for mini_module_0.mlir - runtime: 7384.271750000001
------------------------------------------------------------
Linking chakra traces 4 times for all devices.
Chakra gen done.
Cache hits: 0
Basic block reuse rate: 0.00 (0/2)
Operator reuse factor: 0.00 (0/2227)
Total estimator time taken: 10.889s vs total time (without caching): 10.884s (-0.046% reduction)
Compute Runtime Estimation: 10814.70 us
Stats: {}
------------------------------------------------------------
Done. Output directory: /opt/hespas/hespas_workload/experiments/resnet_fusion/resnet_prof_run/resnet101_inference_step_4_devices
Took 10.893s
