Created output directory: /opt/hespas/hespas_workload/experiments/resnet_fusion/resnet_prof_run/resnet50_train_step_4_devices
Dependency graph not loaded. Generating a new one.
Parsing mlir_file: /opt/hespas/hespas_workload/experiments/resnet_fusion/workloads/resnet50_train_step_4_devices.mlir
----------------------------------------
Input file          | /opt/hespas/hespas_workload/experiments/resnet_fusion/workloads/resnet50_train_step_4_devices.mlir
Number of non-expanded ops:| 11506
Split strategy      | linear_split
----------------------------------------
Dependency graph saved to /opt/hespas/hespas_workload/experiments/resnet_fusion/resnet_prof_run/resnet50_train_step_4_devices/dependency_graph.dot
Number of splits: 487
Creating new MLIR modules for each split:
Saving private functions to: /opt/hespas/hespas_workload/experiments/resnet_fusion/resnet_prof_run/resnet50_train_step_4_devices/private_functions.mlir
Generating MLIR Modules: 0modules [00:00, ?modules/s]Generating MLIR Modules: 0modules [00:00, ?modules/s, Mem cur:259MiB peak:259MiB]Generating MLIR Modules: 1modules [00:00,  9.88modules/s, Mem cur:259MiB peak:259MiB]Generating MLIR Modules: 1modules [00:00,  9.88modules/s, Mem cur:260MiB peak:260MiB]Generating MLIR Modules: 487modules [00:00, 667.71modules/s, Mem cur:260MiB peak:260MiB]Generating MLIR Modules: 487modules [00:00, 641.29modules/s, Mem cur:260MiB peak:260MiB]
Removed 0 empty mlir nodes from dependency graph
Dependency graph pickled and saved to /opt/hespas/hespas_workload/experiments/resnet_fusion/resnet_prof_run/resnet50_train_step_4_devices/dependency_graph.pkl
Parsed 487 modules from the MLIR file.
No cached results found at: /opt/hespas/hespas_workload/experiments/resnet_fusion/resnet_prof_run/resnet50_train_step_4_devices/cache.json
>>>> DiGraph with 487 nodes and 486 edges
-----------------------------------------------------------
Translating MLIR to HLO:
xla-translate --stablehlo-to-hlo-text -o /opt/hespas/hespas_workload/experiments/resnet_fusion/resnet_prof_run/resnet50_train_step_4_devices/mini_module_484.hlo /opt/hespas/hespas_workload/experiments/resnet_fusion/resnet_prof_run/resnet50_train_step_4_devices/mini_module_484.mlir
hlo_runner_main --num_repeats=5 --profile_execution=true --hlo_argument_mode=uninitialized /opt/hespas/hespas_workload/experiments/resnet_fusion/resnet_prof_run/resnet50_train_step_4_devices/mini_module_484.hlo
------------------------------------------------
Runtime estimate for mini_module_484.mlir - runtime: 256.00000000000006
-----------------------------------------------------------
Translating MLIR to HLO:
xla-translate --stablehlo-to-hlo-text -o /opt/hespas/hespas_workload/experiments/resnet_fusion/resnet_prof_run/resnet50_train_step_4_devices/mini_module_486.hlo /opt/hespas/hespas_workload/experiments/resnet_fusion/resnet_prof_run/resnet50_train_step_4_devices/mini_module_486.mlir
hlo_runner_main --num_repeats=5 --profile_execution=true --hlo_argument_mode=uninitialized /opt/hespas/hespas_workload/experiments/resnet_fusion/resnet_prof_run/resnet50_train_step_4_devices/mini_module_486.hlo
------------------------------------------------
Runtime estimate for mini_module_486.mlir - runtime: 520.1840000000001
-----------------------------------------------------------
Translating MLIR to HLO:
xla-translate --stablehlo-to-hlo-text -o /opt/hespas/hespas_workload/experiments/resnet_fusion/resnet_prof_run/resnet50_train_step_4_devices/mini_module_485.hlo /opt/hespas/hespas_workload/experiments/resnet_fusion/resnet_prof_run/resnet50_train_step_4_devices/mini_module_485.mlir
hlo_runner_main --num_repeats=5 --profile_execution=true --hlo_argument_mode=uninitialized /opt/hespas/hespas_workload/experiments/resnet_fusion/resnet_prof_run/resnet50_train_step_4_devices/mini_module_485.hlo
------------------------------------------------
Runtime estimate for mini_module_485.mlir - runtime: 418.33600000000007
-----------------------------------------------------------
Translating MLIR to HLO:
xla-translate --stablehlo-to-hlo-text -o /opt/hespas/hespas_workload/experiments/resnet_fusion/resnet_prof_run/resnet50_train_step_4_devices/mini_module_377.hlo /opt/hespas/hespas_workload/experiments/resnet_fusion/resnet_prof_run/resnet50_train_step_4_devices/mini_module_377.mlir
hlo_runner_main --num_repeats=5 --profile_execution=true --hlo_argument_mode=uninitialized /opt/hespas/hespas_workload/experiments/resnet_fusion/resnet_prof_run/resnet50_train_step_4_devices/mini_module_377.hlo
------------------------------------------------
Runtime estimate for mini_module_377.mlir - runtime: 7.168000000000001
-----------------------------------------------------------
Translating MLIR to HLO:
xla-translate --stablehlo-to-hlo-text -o /opt/hespas/hespas_workload/experiments/resnet_fusion/resnet_prof_run/resnet50_train_step_4_devices/mini_module_374.hlo /opt/hespas/hespas_workload/experiments/resnet_fusion/resnet_prof_run/resnet50_train_step_4_devices/mini_module_374.mlir
hlo_runner_main --num_repeats=5 --profile_execution=true --hlo_argument_mode=uninitialized /opt/hespas/hespas_workload/experiments/resnet_fusion/resnet_prof_run/resnet50_train_step_4_devices/mini_module_374.hlo
------------------------------------------------
Runtime estimate for mini_module_374.mlir - runtime: 342.03200000000004
-----------------------------------------------------------
Translating MLIR to HLO:
xla-translate --stablehlo-to-hlo-text -o /opt/hespas/hespas_workload/experiments/resnet_fusion/resnet_prof_run/resnet50_train_step_4_devices/mini_module_216.hlo /opt/hespas/hespas_workload/experiments/resnet_fusion/resnet_prof_run/resnet50_train_step_4_devices/mini_module_216.mlir
hlo_runner_main --num_repeats=5 --profile_execution=true --hlo_argument_mode=uninitialized /opt/hespas/hespas_workload/experiments/resnet_fusion/resnet_prof_run/resnet50_train_step_4_devices/mini_module_216.hlo
------------------------------------------------
Runtime estimate for mini_module_216.mlir - runtime: 1472.5120000000002
-----------------------------------------------------------
Translating MLIR to HLO:
xla-translate --stablehlo-to-hlo-text -o /opt/hespas/hespas_workload/experiments/resnet_fusion/resnet_prof_run/resnet50_train_step_4_devices/mini_module_210.hlo /opt/hespas/hespas_workload/experiments/resnet_fusion/resnet_prof_run/resnet50_train_step_4_devices/mini_module_210.mlir
hlo_runner_main --num_repeats=5 --profile_execution=true --hlo_argument_mode=uninitialized /opt/hespas/hespas_workload/experiments/resnet_fusion/resnet_prof_run/resnet50_train_step_4_devices/mini_module_210.hlo
------------------------------------------------
Runtime estimate for mini_module_210.mlir - runtime: 2074.1040000000003
-----------------------------------------------------------
Translating MLIR to HLO:
xla-translate --stablehlo-to-hlo-text -o /opt/hespas/hespas_workload/experiments/resnet_fusion/resnet_prof_run/resnet50_train_step_4_devices/mini_module_208.hlo /opt/hespas/hespas_workload/experiments/resnet_fusion/resnet_prof_run/resnet50_train_step_4_devices/mini_module_208.mlir
hlo_runner_main --num_repeats=5 --profile_execution=true --hlo_argument_mode=uninitialized /opt/hespas/hespas_workload/experiments/resnet_fusion/resnet_prof_run/resnet50_train_step_4_devices/mini_module_208.hlo
------------------------------------------------
Runtime estimate for mini_module_208.mlir - runtime: 374.30400000000003
-----------------------------------------------------------
Translating MLIR to HLO:
xla-translate --stablehlo-to-hlo-text -o /opt/hespas/hespas_workload/experiments/resnet_fusion/resnet_prof_run/resnet50_train_step_4_devices/mini_module_206.hlo /opt/hespas/hespas_workload/experiments/resnet_fusion/resnet_prof_run/resnet50_train_step_4_devices/mini_module_206.mlir
hlo_runner_main --num_repeats=5 --profile_execution=true --hlo_argument_mode=uninitialized /opt/hespas/hespas_workload/experiments/resnet_fusion/resnet_prof_run/resnet50_train_step_4_devices/mini_module_206.hlo
------------------------------------------------
Runtime estimate for mini_module_206.mlir - runtime: 544.2560000000002
-----------------------------------------------------------
Translating MLIR to HLO:
xla-translate --stablehlo-to-hlo-text -o /opt/hespas/hespas_workload/experiments/resnet_fusion/resnet_prof_run/resnet50_train_step_4_devices/mini_module_204.hlo /opt/hespas/hespas_workload/experiments/resnet_fusion/resnet_prof_run/resnet50_train_step_4_devices/mini_module_204.mlir
hlo_runner_main --num_repeats=5 --profile_execution=true --hlo_argument_mode=uninitialized /opt/hespas/hespas_workload/experiments/resnet_fusion/resnet_prof_run/resnet50_train_step_4_devices/mini_module_204.hlo
------------------------------------------------
Runtime estimate for mini_module_204.mlir - runtime: 760.8240000000001
-----------------------------------------------------------
Translating MLIR to HLO:
xla-translate --stablehlo-to-hlo-text -o /opt/hespas/hespas_workload/experiments/resnet_fusion/resnet_prof_run/resnet50_train_step_4_devices/mini_module_202.hlo /opt/hespas/hespas_workload/experiments/resnet_fusion/resnet_prof_run/resnet50_train_step_4_devices/mini_module_202.mlir
hlo_runner_main --num_repeats=5 --profile_execution=true --hlo_argument_mode=uninitialized /opt/hespas/hespas_workload/experiments/resnet_fusion/resnet_prof_run/resnet50_train_step_4_devices/mini_module_202.hlo
------------------------------------------------
Runtime estimate for mini_module_202.mlir - runtime: 792.08
-----------------------------------------------------------
Cache hit (208) for mini_module_200.mlir - runtime: 374.30400000000003
-----------------------------------------------------------
Cache hit (206) for mini_module_198.mlir - runtime: 544.2560000000002
-----------------------------------------------------------
Cache hit (202) for mini_module_196.mlir - runtime: 792.08
-----------------------------------------------------------
Cache hit (208) for mini_module_194.mlir - runtime: 374.30400000000003
-----------------------------------------------------------
Cache hit (206) for mini_module_192.mlir - runtime: 544.2560000000002
-----------------------------------------------------------
Translating MLIR to HLO:
xla-translate --stablehlo-to-hlo-text -o /opt/hespas/hespas_workload/experiments/resnet_fusion/resnet_prof_run/resnet50_train_step_4_devices/mini_module_190.hlo /opt/hespas/hespas_workload/experiments/resnet_fusion/resnet_prof_run/resnet50_train_step_4_devices/mini_module_190.mlir
hlo_runner_main --num_repeats=5 --profile_execution=true --hlo_argument_mode=uninitialized /opt/hespas/hespas_workload/experiments/resnet_fusion/resnet_prof_run/resnet50_train_step_4_devices/mini_module_190.hlo
------------------------------------------------
Runtime estimate for mini_module_190.mlir - runtime: 864.7760000000001
-----------------------------------------------------------
Translating MLIR to HLO:
xla-translate --stablehlo-to-hlo-text -o /opt/hespas/hespas_workload/experiments/resnet_fusion/resnet_prof_run/resnet50_train_step_4_devices/mini_module_188.hlo /opt/hespas/hespas_workload/experiments/resnet_fusion/resnet_prof_run/resnet50_train_step_4_devices/mini_module_188.mlir
hlo_runner_main --num_repeats=5 --profile_execution=true --hlo_argument_mode=uninitialized /opt/hespas/hespas_workload/experiments/resnet_fusion/resnet_prof_run/resnet50_train_step_4_devices/mini_module_188.hlo
------------------------------------------------
Runtime estimate for mini_module_188.mlir - runtime: 589.312
-----------------------------------------------------------
Translating MLIR to HLO:
xla-translate --stablehlo-to-hlo-text -o /opt/hespas/hespas_workload/experiments/resnet_fusion/resnet_prof_run/resnet50_train_step_4_devices/mini_module_186.hlo /opt/hespas/hespas_workload/experiments/resnet_fusion/resnet_prof_run/resnet50_train_step_4_devices/mini_module_186.mlir
hlo_runner_main --num_repeats=5 --profile_execution=true --hlo_argument_mode=uninitialized /opt/hespas/hespas_workload/experiments/resnet_fusion/resnet_prof_run/resnet50_train_step_4_devices/mini_module_186.hlo
------------------------------------------------
Runtime estimate for mini_module_186.mlir - runtime: 297.42400000000004
-----------------------------------------------------------
Translating MLIR to HLO:
xla-translate --stablehlo-to-hlo-text -o /opt/hespas/hespas_workload/experiments/resnet_fusion/resnet_prof_run/resnet50_train_step_4_devices/mini_module_184.hlo /opt/hespas/hespas_workload/experiments/resnet_fusion/resnet_prof_run/resnet50_train_step_4_devices/mini_module_184.mlir
hlo_runner_main --num_repeats=5 --profile_execution=true --hlo_argument_mode=uninitialized /opt/hespas/hespas_workload/experiments/resnet_fusion/resnet_prof_run/resnet50_train_step_4_devices/mini_module_184.hlo
------------------------------------------------
Runtime estimate for mini_module_184.mlir - runtime: 529.4080000000001
-----------------------------------------------------------
Translating MLIR to HLO:
xla-translate --stablehlo-to-hlo-text -o /opt/hespas/hespas_workload/experiments/resnet_fusion/resnet_prof_run/resnet50_train_step_4_devices/mini_module_182.hlo /opt/hespas/hespas_workload/experiments/resnet_fusion/resnet_prof_run/resnet50_train_step_4_devices/mini_module_182.mlir
hlo_runner_main --num_repeats=5 --profile_execution=true --hlo_argument_mode=uninitialized /opt/hespas/hespas_workload/experiments/resnet_fusion/resnet_prof_run/resnet50_train_step_4_devices/mini_module_182.hlo
------------------------------------------------
Runtime estimate for mini_module_182.mlir - runtime: 442.87200000000007
-----------------------------------------------------------
Translating MLIR to HLO:
xla-translate --stablehlo-to-hlo-text -o /opt/hespas/hespas_workload/experiments/resnet_fusion/resnet_prof_run/resnet50_train_step_4_devices/mini_module_180.hlo /opt/hespas/hespas_workload/experiments/resnet_fusion/resnet_prof_run/resnet50_train_step_4_devices/mini_module_180.mlir
hlo_runner_main --num_repeats=5 --profile_execution=true --hlo_argument_mode=uninitialized /opt/hespas/hespas_workload/experiments/resnet_fusion/resnet_prof_run/resnet50_train_step_4_devices/mini_module_180.hlo
------------------------------------------------
Runtime estimate for mini_module_180.mlir - runtime: 242.68800000000002
-----------------------------------------------------------
Cache hit (186) for mini_module_178.mlir - runtime: 297.42400000000004
-----------------------------------------------------------
Cache hit (182) for mini_module_176.mlir - runtime: 442.87200000000007
-----------------------------------------------------------
Cache hit (180) for mini_module_174.mlir - runtime: 242.68800000000002
-----------------------------------------------------------
Cache hit (186) for mini_module_172.mlir - runtime: 297.42400000000004
-----------------------------------------------------------
Cache hit (182) for mini_module_170.mlir - runtime: 442.87200000000007
-----------------------------------------------------------
Cache hit (180) for mini_module_168.mlir - runtime: 242.68800000000002
-----------------------------------------------------------
Cache hit (186) for mini_module_166.mlir - runtime: 297.42400000000004
-----------------------------------------------------------
Translating MLIR to HLO:
xla-translate --stablehlo-to-hlo-text -o /opt/hespas/hespas_workload/experiments/resnet_fusion/resnet_prof_run/resnet50_train_step_4_devices/mini_module_164.hlo /opt/hespas/hespas_workload/experiments/resnet_fusion/resnet_prof_run/resnet50_train_step_4_devices/mini_module_164.mlir
hlo_runner_main --num_repeats=5 --profile_execution=true --hlo_argument_mode=uninitialized /opt/hespas/hespas_workload/experiments/resnet_fusion/resnet_prof_run/resnet50_train_step_4_devices/mini_module_164.hlo
------------------------------------------------
Runtime estimate for mini_module_164.mlir - runtime: 486.90400000000005
-----------------------------------------------------------
Translating MLIR to HLO:
xla-translate --stablehlo-to-hlo-text -o /opt/hespas/hespas_workload/experiments/resnet_fusion/resnet_prof_run/resnet50_train_step_4_devices/mini_module_162.hlo /opt/hespas/hespas_workload/experiments/resnet_fusion/resnet_prof_run/resnet50_train_step_4_devices/mini_module_162.mlir
hlo_runner_main --num_repeats=5 --profile_execution=true --hlo_argument_mode=uninitialized /opt/hespas/hespas_workload/experiments/resnet_fusion/resnet_prof_run/resnet50_train_step_4_devices/mini_module_162.hlo
------------------------------------------------
Runtime estimate for mini_module_162.mlir - runtime: 355.32800000000003
-----------------------------------------------------------
Translating MLIR to HLO:
xla-translate --stablehlo-to-hlo-text -o /opt/hespas/hespas_workload/experiments/resnet_fusion/resnet_prof_run/resnet50_train_step_4_devices/mini_module_160.hlo /opt/hespas/hespas_workload/experiments/resnet_fusion/resnet_prof_run/resnet50_train_step_4_devices/mini_module_160.mlir
hlo_runner_main --num_repeats=5 --profile_execution=true --hlo_argument_mode=uninitialized /opt/hespas/hespas_workload/experiments/resnet_fusion/resnet_prof_run/resnet50_train_step_4_devices/mini_module_160.hlo
------------------------------------------------
Runtime estimate for mini_module_160.mlir - runtime: 167.4
-----------------------------------------------------------
Translating MLIR to HLO:
xla-translate --stablehlo-to-hlo-text -o /opt/hespas/hespas_workload/experiments/resnet_fusion/resnet_prof_run/resnet50_train_step_4_devices/mini_module_158.hlo /opt/hespas/hespas_workload/experiments/resnet_fusion/resnet_prof_run/resnet50_train_step_4_devices/mini_module_158.mlir
hlo_runner_main --num_repeats=5 --profile_execution=true --hlo_argument_mode=uninitialized /opt/hespas/hespas_workload/experiments/resnet_fusion/resnet_prof_run/resnet50_train_step_4_devices/mini_module_158.hlo
------------------------------------------------
Runtime estimate for mini_module_158.mlir - runtime: 337.90400000000005
-----------------------------------------------------------
Translating MLIR to HLO:
xla-translate --stablehlo-to-hlo-text -o /opt/hespas/hespas_workload/experiments/resnet_fusion/resnet_prof_run/resnet50_train_step_4_devices/mini_module_156.hlo /opt/hespas/hespas_workload/experiments/resnet_fusion/resnet_prof_run/resnet50_train_step_4_devices/mini_module_156.mlir
hlo_runner_main --num_repeats=5 --profile_execution=true --hlo_argument_mode=uninitialized /opt/hespas/hespas_workload/experiments/resnet_fusion/resnet_prof_run/resnet50_train_step_4_devices/mini_module_156.hlo
------------------------------------------------
Runtime estimate for mini_module_156.mlir - runtime: 261.64
-----------------------------------------------------------
Translating MLIR to HLO:
xla-translate --stablehlo-to-hlo-text -o /opt/hespas/hespas_workload/experiments/resnet_fusion/resnet_prof_run/resnet50_train_step_4_devices/mini_module_154.hlo /opt/hespas/hespas_workload/experiments/resnet_fusion/resnet_prof_run/resnet50_train_step_4_devices/mini_module_154.mlir
hlo_runner_main --num_repeats=5 --profile_execution=true --hlo_argument_mode=uninitialized /opt/hespas/hespas_workload/experiments/resnet_fusion/resnet_prof_run/resnet50_train_step_4_devices/mini_module_154.hlo
------------------------------------------------
Runtime estimate for mini_module_154.mlir - runtime: 170.488
-----------------------------------------------------------
Cache hit (160) for mini_module_152.mlir - runtime: 167.4
-----------------------------------------------------------
Cache hit (156) for mini_module_150.mlir - runtime: 261.64
-----------------------------------------------------------
Cache hit (154) for mini_module_148.mlir - runtime: 170.488
-----------------------------------------------------------
Cache hit (160) for mini_module_146.mlir - runtime: 167.4
-----------------------------------------------------------
Cache hit (156) for mini_module_144.mlir - runtime: 261.64
-----------------------------------------------------------
Cache hit (154) for mini_module_142.mlir - runtime: 170.488
-----------------------------------------------------------
Cache hit (160) for mini_module_140.mlir - runtime: 167.4
-----------------------------------------------------------
Cache hit (156) for mini_module_138.mlir - runtime: 261.64
-----------------------------------------------------------
Cache hit (154) for mini_module_136.mlir - runtime: 170.488
-----------------------------------------------------------
Cache hit (160) for mini_module_134.mlir - runtime: 167.4
-----------------------------------------------------------
Cache hit (156) for mini_module_132.mlir - runtime: 261.64
-----------------------------------------------------------
Cache hit (154) for mini_module_130.mlir - runtime: 170.488
-----------------------------------------------------------
Cache hit (160) for mini_module_128.mlir - runtime: 167.4
-----------------------------------------------------------
Translating MLIR to HLO:
xla-translate --stablehlo-to-hlo-text -o /opt/hespas/hespas_workload/experiments/resnet_fusion/resnet_prof_run/resnet50_train_step_4_devices/mini_module_126.hlo /opt/hespas/hespas_workload/experiments/resnet_fusion/resnet_prof_run/resnet50_train_step_4_devices/mini_module_126.mlir
hlo_runner_main --num_repeats=5 --profile_execution=true --hlo_argument_mode=uninitialized /opt/hespas/hespas_workload/experiments/resnet_fusion/resnet_prof_run/resnet50_train_step_4_devices/mini_module_126.hlo
------------------------------------------------
Runtime estimate for mini_module_126.mlir - runtime: 299.504
-----------------------------------------------------------
Translating MLIR to HLO:
xla-translate --stablehlo-to-hlo-text -o /opt/hespas/hespas_workload/experiments/resnet_fusion/resnet_prof_run/resnet50_train_step_4_devices/mini_module_124.hlo /opt/hespas/hespas_workload/experiments/resnet_fusion/resnet_prof_run/resnet50_train_step_4_devices/mini_module_124.mlir
hlo_runner_main --num_repeats=5 --profile_execution=true --hlo_argument_mode=uninitialized /opt/hespas/hespas_workload/experiments/resnet_fusion/resnet_prof_run/resnet50_train_step_4_devices/mini_module_124.hlo
------------------------------------------------
Runtime estimate for mini_module_124.mlir - runtime: 281.048
-----------------------------------------------------------
Translating MLIR to HLO:
xla-translate --stablehlo-to-hlo-text -o /opt/hespas/hespas_workload/experiments/resnet_fusion/resnet_prof_run/resnet50_train_step_4_devices/mini_module_122.hlo /opt/hespas/hespas_workload/experiments/resnet_fusion/resnet_prof_run/resnet50_train_step_4_devices/mini_module_122.mlir
hlo_runner_main --num_repeats=5 --profile_execution=true --hlo_argument_mode=uninitialized /opt/hespas/hespas_workload/experiments/resnet_fusion/resnet_prof_run/resnet50_train_step_4_devices/mini_module_122.hlo
------------------------------------------------
Runtime estimate for mini_module_122.mlir - runtime: 124.40000000000002
-----------------------------------------------------------
Translating MLIR to HLO:
xla-translate --stablehlo-to-hlo-text -o /opt/hespas/hespas_workload/experiments/resnet_fusion/resnet_prof_run/resnet50_train_step_4_devices/mini_module_120.hlo /opt/hespas/hespas_workload/experiments/resnet_fusion/resnet_prof_run/resnet50_train_step_4_devices/mini_module_120.mlir
hlo_runner_main --num_repeats=5 --profile_execution=true --hlo_argument_mode=uninitialized /opt/hespas/hespas_workload/experiments/resnet_fusion/resnet_prof_run/resnet50_train_step_4_devices/mini_module_120.hlo
------------------------------------------------
Runtime estimate for mini_module_120.mlir - runtime: 277.0160000000001
-----------------------------------------------------------
Translating MLIR to HLO:
xla-translate --stablehlo-to-hlo-text -o /opt/hespas/hespas_workload/experiments/resnet_fusion/resnet_prof_run/resnet50_train_step_4_devices/mini_module_118.hlo /opt/hespas/hespas_workload/experiments/resnet_fusion/resnet_prof_run/resnet50_train_step_4_devices/mini_module_118.mlir
hlo_runner_main --num_repeats=5 --profile_execution=true --hlo_argument_mode=uninitialized /opt/hespas/hespas_workload/experiments/resnet_fusion/resnet_prof_run/resnet50_train_step_4_devices/mini_module_118.hlo
------------------------------------------------
Runtime estimate for mini_module_118.mlir - runtime: 191.99200000000002
-----------------------------------------------------------
Translating MLIR to HLO:
xla-translate --stablehlo-to-hlo-text -o /opt/hespas/hespas_workload/experiments/resnet_fusion/resnet_prof_run/resnet50_train_step_4_devices/mini_module_116.hlo /opt/hespas/hespas_workload/experiments/resnet_fusion/resnet_prof_run/resnet50_train_step_4_devices/mini_module_116.mlir
hlo_runner_main --num_repeats=5 --profile_execution=true --hlo_argument_mode=uninitialized /opt/hespas/hespas_workload/experiments/resnet_fusion/resnet_prof_run/resnet50_train_step_4_devices/mini_module_116.hlo
------------------------------------------------
Runtime estimate for mini_module_116.mlir - runtime: 139.744
-----------------------------------------------------------
Cache hit (122) for mini_module_114.mlir - runtime: 124.40000000000002
-----------------------------------------------------------
Cache hit (118) for mini_module_112.mlir - runtime: 191.99200000000002
-----------------------------------------------------------
Cache hit (116) for mini_module_110.mlir - runtime: 139.744
-----------------------------------------------------------
Cache hit (122) for mini_module_107.mlir - runtime: 124.40000000000002
-----------------------------------------------------------
Translating MLIR to HLO:
xla-translate --stablehlo-to-hlo-text -o /opt/hespas/hespas_workload/experiments/resnet_fusion/resnet_prof_run/resnet50_train_step_4_devices/mini_module_108.hlo /opt/hespas/hespas_workload/experiments/resnet_fusion/resnet_prof_run/resnet50_train_step_4_devices/mini_module_108.mlir
hlo_runner_main --num_repeats=5 --profile_execution=true --hlo_argument_mode=uninitialized /opt/hespas/hespas_workload/experiments/resnet_fusion/resnet_prof_run/resnet50_train_step_4_devices/mini_module_108.hlo
------------------------------------------------
Runtime estimate for mini_module_108.mlir - runtime: 402.95200000000006
-----------------------------------------------------------
Translating MLIR to HLO:
xla-translate --stablehlo-to-hlo-text -o /opt/hespas/hespas_workload/experiments/resnet_fusion/resnet_prof_run/resnet50_train_step_4_devices/mini_module_104.hlo /opt/hespas/hespas_workload/experiments/resnet_fusion/resnet_prof_run/resnet50_train_step_4_devices/mini_module_104.mlir
hlo_runner_main --num_repeats=5 --profile_execution=true --hlo_argument_mode=uninitialized /opt/hespas/hespas_workload/experiments/resnet_fusion/resnet_prof_run/resnet50_train_step_4_devices/mini_module_104.hlo
------------------------------------------------
Runtime estimate for mini_module_104.mlir - runtime: 99.32000000000001
-----------------------------------------------------------
Translating MLIR to HLO:
xla-translate --stablehlo-to-hlo-text -o /opt/hespas/hespas_workload/experiments/resnet_fusion/resnet_prof_run/resnet50_train_step_4_devices/mini_module_102.hlo /opt/hespas/hespas_workload/experiments/resnet_fusion/resnet_prof_run/resnet50_train_step_4_devices/mini_module_102.mlir
hlo_runner_main --num_repeats=5 --profile_execution=true --hlo_argument_mode=uninitialized /opt/hespas/hespas_workload/experiments/resnet_fusion/resnet_prof_run/resnet50_train_step_4_devices/mini_module_102.hlo
------------------------------------------------
Runtime estimate for mini_module_102.mlir - runtime: 87.07200000000002
-----------------------------------------------------------
Translating MLIR to HLO:
xla-translate --stablehlo-to-hlo-text -o /opt/hespas/hespas_workload/experiments/resnet_fusion/resnet_prof_run/resnet50_train_step_4_devices/mini_module_100.hlo /opt/hespas/hespas_workload/experiments/resnet_fusion/resnet_prof_run/resnet50_train_step_4_devices/mini_module_100.mlir
hlo_runner_main --num_repeats=5 --profile_execution=true --hlo_argument_mode=uninitialized /opt/hespas/hespas_workload/experiments/resnet_fusion/resnet_prof_run/resnet50_train_step_4_devices/mini_module_100.hlo
------------------------------------------------
Runtime estimate for mini_module_100.mlir - runtime: 98.80000000000001
-----------------------------------------------------------
Cache hit (104) for mini_module_98.mlir - runtime: 99.32000000000001
-----------------------------------------------------------
Cache hit (102) for mini_module_96.mlir - runtime: 87.07200000000002
-----------------------------------------------------------
Translating MLIR to HLO:
xla-translate --stablehlo-to-hlo-text -o /opt/hespas/hespas_workload/experiments/resnet_fusion/resnet_prof_run/resnet50_train_step_4_devices/mini_module_94.hlo /opt/hespas/hespas_workload/experiments/resnet_fusion/resnet_prof_run/resnet50_train_step_4_devices/mini_module_94.mlir
hlo_runner_main --num_repeats=5 --profile_execution=true --hlo_argument_mode=uninitialized /opt/hespas/hespas_workload/experiments/resnet_fusion/resnet_prof_run/resnet50_train_step_4_devices/mini_module_94.hlo
------------------------------------------------
Runtime estimate for mini_module_94.mlir - runtime: 99.33600000000001
-----------------------------------------------------------
Translating MLIR to HLO:
xla-translate --stablehlo-to-hlo-text -o /opt/hespas/hespas_workload/experiments/resnet_fusion/resnet_prof_run/resnet50_train_step_4_devices/mini_module_92.hlo /opt/hespas/hespas_workload/experiments/resnet_fusion/resnet_prof_run/resnet50_train_step_4_devices/mini_module_92.mlir
hlo_runner_main --num_repeats=5 --profile_execution=true --hlo_argument_mode=uninitialized /opt/hespas/hespas_workload/experiments/resnet_fusion/resnet_prof_run/resnet50_train_step_4_devices/mini_module_92.hlo
------------------------------------------------
Runtime estimate for mini_module_92.mlir - runtime: 117.75200000000001
-----------------------------------------------------------
Cache hit (104) for mini_module_90.mlir - runtime: 99.32000000000001
-----------------------------------------------------------
Translating MLIR to HLO:
xla-translate --stablehlo-to-hlo-text -o /opt/hespas/hespas_workload/experiments/resnet_fusion/resnet_prof_run/resnet50_train_step_4_devices/mini_module_88.hlo /opt/hespas/hespas_workload/experiments/resnet_fusion/resnet_prof_run/resnet50_train_step_4_devices/mini_module_88.mlir
hlo_runner_main --num_repeats=5 --profile_execution=true --hlo_argument_mode=uninitialized /opt/hespas/hespas_workload/experiments/resnet_fusion/resnet_prof_run/resnet50_train_step_4_devices/mini_module_88.hlo
------------------------------------------------
Runtime estimate for mini_module_88.mlir - runtime: 210.40800000000002
-----------------------------------------------------------
Translating MLIR to HLO:
xla-translate --stablehlo-to-hlo-text -o /opt/hespas/hespas_workload/experiments/resnet_fusion/resnet_prof_run/resnet50_train_step_4_devices/mini_module_86.hlo /opt/hespas/hespas_workload/experiments/resnet_fusion/resnet_prof_run/resnet50_train_step_4_devices/mini_module_86.mlir
hlo_runner_main --num_repeats=5 --profile_execution=true --hlo_argument_mode=uninitialized /opt/hespas/hespas_workload/experiments/resnet_fusion/resnet_prof_run/resnet50_train_step_4_devices/mini_module_86.hlo
------------------------------------------------
Runtime estimate for mini_module_86.mlir - runtime: 180.20800000000003
-----------------------------------------------------------
Translating MLIR to HLO:
xla-translate --stablehlo-to-hlo-text -o /opt/hespas/hespas_workload/experiments/resnet_fusion/resnet_prof_run/resnet50_train_step_4_devices/mini_module_84.hlo /opt/hespas/hespas_workload/experiments/resnet_fusion/resnet_prof_run/resnet50_train_step_4_devices/mini_module_84.mlir
hlo_runner_main --num_repeats=5 --profile_execution=true --hlo_argument_mode=uninitialized /opt/hespas/hespas_workload/experiments/resnet_fusion/resnet_prof_run/resnet50_train_step_4_devices/mini_module_84.hlo
------------------------------------------------
Runtime estimate for mini_module_84.mlir - runtime: 133.12
-----------------------------------------------------------
Translating MLIR to HLO:
xla-translate --stablehlo-to-hlo-text -o /opt/hespas/hespas_workload/experiments/resnet_fusion/resnet_prof_run/resnet50_train_step_4_devices/mini_module_82.hlo /opt/hespas/hespas_workload/experiments/resnet_fusion/resnet_prof_run/resnet50_train_step_4_devices/mini_module_82.mlir
hlo_runner_main --num_repeats=5 --profile_execution=true --hlo_argument_mode=uninitialized /opt/hespas/hespas_workload/experiments/resnet_fusion/resnet_prof_run/resnet50_train_step_4_devices/mini_module_82.hlo
------------------------------------------------
Runtime estimate for mini_module_82.mlir - runtime: 101.36800000000001
-----------------------------------------------------------
Translating MLIR to HLO:
xla-translate --stablehlo-to-hlo-text -o /opt/hespas/hespas_workload/experiments/resnet_fusion/resnet_prof_run/resnet50_train_step_4_devices/mini_module_80.hlo /opt/hespas/hespas_workload/experiments/resnet_fusion/resnet_prof_run/resnet50_train_step_4_devices/mini_module_80.mlir
hlo_runner_main --num_repeats=5 --profile_execution=true --hlo_argument_mode=uninitialized /opt/hespas/hespas_workload/experiments/resnet_fusion/resnet_prof_run/resnet50_train_step_4_devices/mini_module_80.hlo
------------------------------------------------
Runtime estimate for mini_module_80.mlir - runtime: 142.84
-----------------------------------------------------------
Cache hit (84) for mini_module_78.mlir - runtime: 133.12
-----------------------------------------------------------
Cache hit (82) for mini_module_76.mlir - runtime: 101.36800000000001
-----------------------------------------------------------
Cache hit (80) for mini_module_74.mlir - runtime: 142.84
-----------------------------------------------------------
Cache hit (84) for mini_module_72.mlir - runtime: 133.12
-----------------------------------------------------------
Cache hit (82) for mini_module_70.mlir - runtime: 101.36800000000001
-----------------------------------------------------------
Cache hit (80) for mini_module_68.mlir - runtime: 142.84
-----------------------------------------------------------
Cache hit (84) for mini_module_66.mlir - runtime: 133.12
-----------------------------------------------------------
Cache hit (82) for mini_module_64.mlir - runtime: 101.36800000000001
-----------------------------------------------------------
Cache hit (80) for mini_module_62.mlir - runtime: 142.84
-----------------------------------------------------------
Cache hit (84) for mini_module_60.mlir - runtime: 133.12
-----------------------------------------------------------
Cache hit (82) for mini_module_58.mlir - runtime: 101.36800000000001
-----------------------------------------------------------
Translating MLIR to HLO:
xla-translate --stablehlo-to-hlo-text -o /opt/hespas/hespas_workload/experiments/resnet_fusion/resnet_prof_run/resnet50_train_step_4_devices/mini_module_56.hlo /opt/hespas/hespas_workload/experiments/resnet_fusion/resnet_prof_run/resnet50_train_step_4_devices/mini_module_56.mlir
hlo_runner_main --num_repeats=5 --profile_execution=true --hlo_argument_mode=uninitialized /opt/hespas/hespas_workload/experiments/resnet_fusion/resnet_prof_run/resnet50_train_step_4_devices/mini_module_56.hlo
------------------------------------------------
Runtime estimate for mini_module_56.mlir - runtime: 144.896
-----------------------------------------------------------
Translating MLIR to HLO:
xla-translate --stablehlo-to-hlo-text -o /opt/hespas/hespas_workload/experiments/resnet_fusion/resnet_prof_run/resnet50_train_step_4_devices/mini_module_54.hlo /opt/hespas/hespas_workload/experiments/resnet_fusion/resnet_prof_run/resnet50_train_step_4_devices/mini_module_54.mlir
hlo_runner_main --num_repeats=5 --profile_execution=true --hlo_argument_mode=uninitialized /opt/hespas/hespas_workload/experiments/resnet_fusion/resnet_prof_run/resnet50_train_step_4_devices/mini_module_54.hlo
------------------------------------------------
Runtime estimate for mini_module_54.mlir - runtime: 163.344
-----------------------------------------------------------
Cache hit (84) for mini_module_52.mlir - runtime: 133.12
-----------------------------------------------------------
Translating MLIR to HLO:
xla-translate --stablehlo-to-hlo-text -o /opt/hespas/hespas_workload/experiments/resnet_fusion/resnet_prof_run/resnet50_train_step_4_devices/mini_module_50.hlo /opt/hespas/hespas_workload/experiments/resnet_fusion/resnet_prof_run/resnet50_train_step_4_devices/mini_module_50.mlir
hlo_runner_main --num_repeats=5 --profile_execution=true --hlo_argument_mode=uninitialized /opt/hespas/hespas_workload/experiments/resnet_fusion/resnet_prof_run/resnet50_train_step_4_devices/mini_module_50.hlo
------------------------------------------------
Runtime estimate for mini_module_50.mlir - runtime: 317.4560000000001
-----------------------------------------------------------
Translating MLIR to HLO:
xla-translate --stablehlo-to-hlo-text -o /opt/hespas/hespas_workload/experiments/resnet_fusion/resnet_prof_run/resnet50_train_step_4_devices/mini_module_48.hlo /opt/hespas/hespas_workload/experiments/resnet_fusion/resnet_prof_run/resnet50_train_step_4_devices/mini_module_48.mlir
hlo_runner_main --num_repeats=5 --profile_execution=true --hlo_argument_mode=uninitialized /opt/hespas/hespas_workload/experiments/resnet_fusion/resnet_prof_run/resnet50_train_step_4_devices/mini_module_48.hlo
------------------------------------------------
Runtime estimate for mini_module_48.mlir - runtime: 334.85600000000005
-----------------------------------------------------------
Translating MLIR to HLO:
xla-translate --stablehlo-to-hlo-text -o /opt/hespas/hespas_workload/experiments/resnet_fusion/resnet_prof_run/resnet50_train_step_4_devices/mini_module_46.hlo /opt/hespas/hespas_workload/experiments/resnet_fusion/resnet_prof_run/resnet50_train_step_4_devices/mini_module_46.mlir
hlo_runner_main --num_repeats=5 --profile_execution=true --hlo_argument_mode=uninitialized /opt/hespas/hespas_workload/experiments/resnet_fusion/resnet_prof_run/resnet50_train_step_4_devices/mini_module_46.hlo
------------------------------------------------
Runtime estimate for mini_module_46.mlir - runtime: 305.152
-----------------------------------------------------------
Translating MLIR to HLO:
xla-translate --stablehlo-to-hlo-text -o /opt/hespas/hespas_workload/experiments/resnet_fusion/resnet_prof_run/resnet50_train_step_4_devices/mini_module_44.hlo /opt/hespas/hespas_workload/experiments/resnet_fusion/resnet_prof_run/resnet50_train_step_4_devices/mini_module_44.mlir
hlo_runner_main --num_repeats=5 --profile_execution=true --hlo_argument_mode=uninitialized /opt/hespas/hespas_workload/experiments/resnet_fusion/resnet_prof_run/resnet50_train_step_4_devices/mini_module_44.hlo
------------------------------------------------
Runtime estimate for mini_module_44.mlir - runtime: 137.67200000000003
-----------------------------------------------------------
Translating MLIR to HLO:
xla-translate --stablehlo-to-hlo-text -o /opt/hespas/hespas_workload/experiments/resnet_fusion/resnet_prof_run/resnet50_train_step_4_devices/mini_module_42.hlo /opt/hespas/hespas_workload/experiments/resnet_fusion/resnet_prof_run/resnet50_train_step_4_devices/mini_module_42.mlir
hlo_runner_main --num_repeats=5 --profile_execution=true --hlo_argument_mode=uninitialized /opt/hespas/hespas_workload/experiments/resnet_fusion/resnet_prof_run/resnet50_train_step_4_devices/mini_module_42.hlo
------------------------------------------------
Runtime estimate for mini_module_42.mlir - runtime: 249.32
-----------------------------------------------------------
Cache hit (46) for mini_module_40.mlir - runtime: 305.152
-----------------------------------------------------------
Cache hit (44) for mini_module_38.mlir - runtime: 137.67200000000003
-----------------------------------------------------------
Cache hit (42) for mini_module_36.mlir - runtime: 249.32
-----------------------------------------------------------
Cache hit (46) for mini_module_34.mlir - runtime: 305.152
-----------------------------------------------------------
Cache hit (44) for mini_module_32.mlir - runtime: 137.67200000000003
-----------------------------------------------------------
Translating MLIR to HLO:
xla-translate --stablehlo-to-hlo-text -o /opt/hespas/hespas_workload/experiments/resnet_fusion/resnet_prof_run/resnet50_train_step_4_devices/mini_module_30.hlo /opt/hespas/hespas_workload/experiments/resnet_fusion/resnet_prof_run/resnet50_train_step_4_devices/mini_module_30.mlir
hlo_runner_main --num_repeats=5 --profile_execution=true --hlo_argument_mode=uninitialized /opt/hespas/hespas_workload/experiments/resnet_fusion/resnet_prof_run/resnet50_train_step_4_devices/mini_module_30.hlo
------------------------------------------------
Runtime estimate for mini_module_30.mlir - runtime: 246.77599999999998
-----------------------------------------------------------
Translating MLIR to HLO:
xla-translate --stablehlo-to-hlo-text -o /opt/hespas/hespas_workload/experiments/resnet_fusion/resnet_prof_run/resnet50_train_step_4_devices/mini_module_28.hlo /opt/hespas/hespas_workload/experiments/resnet_fusion/resnet_prof_run/resnet50_train_step_4_devices/mini_module_28.mlir
hlo_runner_main --num_repeats=5 --profile_execution=true --hlo_argument_mode=uninitialized /opt/hespas/hespas_workload/experiments/resnet_fusion/resnet_prof_run/resnet50_train_step_4_devices/mini_module_28.hlo
------------------------------------------------
Runtime estimate for mini_module_28.mlir - runtime: 354.8
-----------------------------------------------------------
Cache hit (46) for mini_module_26.mlir - runtime: 305.152
-----------------------------------------------------------
Translating MLIR to HLO:
xla-translate --stablehlo-to-hlo-text -o /opt/hespas/hespas_workload/experiments/resnet_fusion/resnet_prof_run/resnet50_train_step_4_devices/mini_module_24.hlo /opt/hespas/hespas_workload/experiments/resnet_fusion/resnet_prof_run/resnet50_train_step_4_devices/mini_module_24.mlir
hlo_runner_main --num_repeats=5 --profile_execution=true --hlo_argument_mode=uninitialized /opt/hespas/hespas_workload/experiments/resnet_fusion/resnet_prof_run/resnet50_train_step_4_devices/mini_module_24.hlo
------------------------------------------------
Runtime estimate for mini_module_24.mlir - runtime: 417.28000000000003
-----------------------------------------------------------
Translating MLIR to HLO:
xla-translate --stablehlo-to-hlo-text -o /opt/hespas/hespas_workload/experiments/resnet_fusion/resnet_prof_run/resnet50_train_step_4_devices/mini_module_22.hlo /opt/hespas/hespas_workload/experiments/resnet_fusion/resnet_prof_run/resnet50_train_step_4_devices/mini_module_22.mlir
hlo_runner_main --num_repeats=5 --profile_execution=true --hlo_argument_mode=uninitialized /opt/hespas/hespas_workload/experiments/resnet_fusion/resnet_prof_run/resnet50_train_step_4_devices/mini_module_22.hlo
------------------------------------------------
Runtime estimate for mini_module_22.mlir - runtime: 528.8720000000001
-----------------------------------------------------------
Translating MLIR to HLO:
xla-translate --stablehlo-to-hlo-text -o /opt/hespas/hespas_workload/experiments/resnet_fusion/resnet_prof_run/resnet50_train_step_4_devices/mini_module_20.hlo /opt/hespas/hespas_workload/experiments/resnet_fusion/resnet_prof_run/resnet50_train_step_4_devices/mini_module_20.mlir
hlo_runner_main --num_repeats=5 --profile_execution=true --hlo_argument_mode=uninitialized /opt/hespas/hespas_workload/experiments/resnet_fusion/resnet_prof_run/resnet50_train_step_4_devices/mini_module_20.hlo
------------------------------------------------
Runtime estimate for mini_module_20.mlir - runtime: 444.65600000000006
-----------------------------------------------------------
Translating MLIR to HLO:
xla-translate --stablehlo-to-hlo-text -o /opt/hespas/hespas_workload/experiments/resnet_fusion/resnet_prof_run/resnet50_train_step_4_devices/mini_module_18.hlo /opt/hespas/hespas_workload/experiments/resnet_fusion/resnet_prof_run/resnet50_train_step_4_devices/mini_module_18.mlir
hlo_runner_main --num_repeats=5 --profile_execution=true --hlo_argument_mode=uninitialized /opt/hespas/hespas_workload/experiments/resnet_fusion/resnet_prof_run/resnet50_train_step_4_devices/mini_module_18.hlo
------------------------------------------------
Runtime estimate for mini_module_18.mlir - runtime: 202.25600000000003
-----------------------------------------------------------
Translating MLIR to HLO:
xla-translate --stablehlo-to-hlo-text -o /opt/hespas/hespas_workload/experiments/resnet_fusion/resnet_prof_run/resnet50_train_step_4_devices/mini_module_16.hlo /opt/hespas/hespas_workload/experiments/resnet_fusion/resnet_prof_run/resnet50_train_step_4_devices/mini_module_16.mlir
hlo_runner_main --num_repeats=5 --profile_execution=true --hlo_argument_mode=uninitialized /opt/hespas/hespas_workload/experiments/resnet_fusion/resnet_prof_run/resnet50_train_step_4_devices/mini_module_16.hlo
------------------------------------------------
Runtime estimate for mini_module_16.mlir - runtime: 461.84000000000003
-----------------------------------------------------------
Cache hit (20) for mini_module_14.mlir - runtime: 444.65600000000006
-----------------------------------------------------------
Cache hit (18) for mini_module_12.mlir - runtime: 202.25600000000003
-----------------------------------------------------------
Translating MLIR to HLO:
xla-translate --stablehlo-to-hlo-text -o /opt/hespas/hespas_workload/experiments/resnet_fusion/resnet_prof_run/resnet50_train_step_4_devices/mini_module_10.hlo /opt/hespas/hespas_workload/experiments/resnet_fusion/resnet_prof_run/resnet50_train_step_4_devices/mini_module_10.mlir
hlo_runner_main --num_repeats=5 --profile_execution=true --hlo_argument_mode=uninitialized /opt/hespas/hespas_workload/experiments/resnet_fusion/resnet_prof_run/resnet50_train_step_4_devices/mini_module_10.hlo
------------------------------------------------
Runtime estimate for mini_module_10.mlir - runtime: 461.312
-----------------------------------------------------------
Translating MLIR to HLO:
xla-translate --stablehlo-to-hlo-text -o /opt/hespas/hespas_workload/experiments/resnet_fusion/resnet_prof_run/resnet50_train_step_4_devices/mini_module_8.hlo /opt/hespas/hespas_workload/experiments/resnet_fusion/resnet_prof_run/resnet50_train_step_4_devices/mini_module_8.mlir
hlo_runner_main --num_repeats=5 --profile_execution=true --hlo_argument_mode=uninitialized /opt/hespas/hespas_workload/experiments/resnet_fusion/resnet_prof_run/resnet50_train_step_4_devices/mini_module_8.hlo
------------------------------------------------
Runtime estimate for mini_module_8.mlir - runtime: 518.144
-----------------------------------------------------------
Cache hit (20) for mini_module_6.mlir - runtime: 444.65600000000006
-----------------------------------------------------------
Cache hit (18) for mini_module_4.mlir - runtime: 202.25600000000003
-----------------------------------------------------------
Translating MLIR to HLO:
xla-translate --stablehlo-to-hlo-text -o /opt/hespas/hespas_workload/experiments/resnet_fusion/resnet_prof_run/resnet50_train_step_4_devices/mini_module_2.hlo /opt/hespas/hespas_workload/experiments/resnet_fusion/resnet_prof_run/resnet50_train_step_4_devices/mini_module_2.mlir
hlo_runner_main --num_repeats=5 --profile_execution=true --hlo_argument_mode=uninitialized /opt/hespas/hespas_workload/experiments/resnet_fusion/resnet_prof_run/resnet50_train_step_4_devices/mini_module_2.hlo
------------------------------------------------
Runtime estimate for mini_module_2.mlir - runtime: 665.096
-----------------------------------------------------------
Translating MLIR to HLO:
xla-translate --stablehlo-to-hlo-text -o /opt/hespas/hespas_workload/experiments/resnet_fusion/resnet_prof_run/resnet50_train_step_4_devices/mini_module_0.hlo /opt/hespas/hespas_workload/experiments/resnet_fusion/resnet_prof_run/resnet50_train_step_4_devices/mini_module_0.mlir
hlo_runner_main --num_repeats=5 --profile_execution=true --hlo_argument_mode=uninitialized /opt/hespas/hespas_workload/experiments/resnet_fusion/resnet_prof_run/resnet50_train_step_4_devices/mini_module_0.hlo
------------------------------------------------
Runtime estimate for mini_module_0.mlir - runtime: 1866.7520000000002
------------------------------------------------------------
Linking chakra traces 4 times for all devices.
Chakra gen done.
Cache hits: 54
Basic block reuse rate: 0.48 (54/112)
Operator reuse factor: 0.32 (3598/11414)
Total estimator time taken: 187.054s vs total time (without caching): 357.148s (47.626% reduction)
Compute Runtime Estimation: 35673.19 us
Stats: {}
------------------------------------------------------------
Done. Output directory: /opt/hespas/hespas_workload/experiments/resnet_fusion/resnet_prof_run/resnet50_train_step_4_devices
Took 187.08s
