Created output directory: /opt/hespas/hespas_workload/experiments/resnet_fusion/resnet_prof_run/resnet50_train_step_4_devices
Dependency graph not loaded. Generating a new one.
Parsing mlir_file: /opt/hespas/hespas_workload/experiments/resnet_fusion/workloads/resnet50_train_step_4_devices.mlir
----------------------------------------
Input file          | /opt/hespas/hespas_workload/experiments/resnet_fusion/workloads/resnet50_train_step_4_devices.mlir
Number of non-expanded ops:| 11506
Split strategy      | linear_split
----------------------------------------
Dependency graph saved to /opt/hespas/hespas_workload/experiments/resnet_fusion/resnet_prof_run/resnet50_train_step_4_devices/dependency_graph.dot
Number of splits: 487
Creating new MLIR modules for each split:
Saving private functions to: /opt/hespas/hespas_workload/experiments/resnet_fusion/resnet_prof_run/resnet50_train_step_4_devices/private_functions.mlir
Generating MLIR Modules: 0modules [00:00, ?modules/s]Generating MLIR Modules: 0modules [00:00, ?modules/s, Mem cur:265MiB peak:265MiB]Generating MLIR Modules: 1modules [00:00,  5.70modules/s, Mem cur:265MiB peak:265MiB]Generating MLIR Modules: 1modules [00:01,  5.70modules/s, Mem cur:265MiB peak:265MiB]Generating MLIR Modules: 70modules [00:01, 61.35modules/s, Mem cur:265MiB peak:265MiB]Generating MLIR Modules: 70modules [00:02, 61.35modules/s, Mem cur:265MiB peak:265MiB]Generating MLIR Modules: 152modules [00:02, 72.05modules/s, Mem cur:265MiB peak:265MiB]Generating MLIR Modules: 152modules [00:03, 72.05modules/s, Mem cur:265MiB peak:265MiB]Generating MLIR Modules: 213modules [00:03, 66.65modules/s, Mem cur:265MiB peak:265MiB]Generating MLIR Modules: 213modules [00:04, 66.65modules/s, Mem cur:265MiB peak:265MiB]Generating MLIR Modules: 324modules [00:04, 83.68modules/s, Mem cur:265MiB peak:265MiB]Generating MLIR Modules: 324modules [00:05, 83.68modules/s, Mem cur:266MiB peak:266MiB]Generating MLIR Modules: 400modules [00:05, 80.03modules/s, Mem cur:266MiB peak:266MiB]Generating MLIR Modules: 400modules [00:06, 80.03modules/s, Mem cur:274MiB peak:274MiB]Generating MLIR Modules: 487modules [00:06, 88.14modules/s, Mem cur:274MiB peak:274MiB]Generating MLIR Modules: 487modules [00:06, 80.32modules/s, Mem cur:274MiB peak:274MiB]
Removed 0 empty mlir nodes from dependency graph
Dependency graph pickled and saved to /opt/hespas/hespas_workload/experiments/resnet_fusion/resnet_prof_run/resnet50_train_step_4_devices/dependency_graph.pkl
Parsed 487 modules from the MLIR file.
No cached results found at: /opt/hespas/hespas_workload/experiments/resnet_fusion/resnet_prof_run/resnet50_train_step_4_devices/cache.json
>>>> DiGraph with 487 nodes and 486 edges
-----------------------------------------------------------
Translating MLIR to HLO:
xla-translate --stablehlo-to-hlo-text -o /opt/hespas/hespas_workload/experiments/resnet_fusion/resnet_prof_run/resnet50_train_step_4_devices/mini_module_485.hlo /opt/hespas/hespas_workload/experiments/resnet_fusion/resnet_prof_run/resnet50_train_step_4_devices/mini_module_485.mlir
hlo_runner_main --num_repeats=5 --profile_execution=true --hlo_argument_mode=uninitialized /opt/hespas/hespas_workload/experiments/resnet_fusion/resnet_prof_run/resnet50_train_step_4_devices/mini_module_485.hlo
------------------------------------------------
Runtime estimate for mini_module_485.mlir - runtime: 506.624
-----------------------------------------------------------
Translating MLIR to HLO:
xla-translate --stablehlo-to-hlo-text -o /opt/hespas/hespas_workload/experiments/resnet_fusion/resnet_prof_run/resnet50_train_step_4_devices/mini_module_486.hlo /opt/hespas/hespas_workload/experiments/resnet_fusion/resnet_prof_run/resnet50_train_step_4_devices/mini_module_486.mlir
hlo_runner_main --num_repeats=5 --profile_execution=true --hlo_argument_mode=uninitialized /opt/hespas/hespas_workload/experiments/resnet_fusion/resnet_prof_run/resnet50_train_step_4_devices/mini_module_486.hlo
------------------------------------------------
Runtime estimate for mini_module_486.mlir - runtime: 947.4560000000001
-----------------------------------------------------------
Translating MLIR to HLO:
xla-translate --stablehlo-to-hlo-text -o /opt/hespas/hespas_workload/experiments/resnet_fusion/resnet_prof_run/resnet50_train_step_4_devices/mini_module_484.hlo /opt/hespas/hespas_workload/experiments/resnet_fusion/resnet_prof_run/resnet50_train_step_4_devices/mini_module_484.mlir
hlo_runner_main --num_repeats=5 --profile_execution=true --hlo_argument_mode=uninitialized /opt/hespas/hespas_workload/experiments/resnet_fusion/resnet_prof_run/resnet50_train_step_4_devices/mini_module_484.hlo
------------------------------------------------
Runtime estimate for mini_module_484.mlir - runtime: 665.344
-----------------------------------------------------------
Translating MLIR to HLO:
xla-translate --stablehlo-to-hlo-text -o /opt/hespas/hespas_workload/experiments/resnet_fusion/resnet_prof_run/resnet50_train_step_4_devices/mini_module_377.hlo /opt/hespas/hespas_workload/experiments/resnet_fusion/resnet_prof_run/resnet50_train_step_4_devices/mini_module_377.mlir
hlo_runner_main --num_repeats=5 --profile_execution=true --hlo_argument_mode=uninitialized /opt/hespas/hespas_workload/experiments/resnet_fusion/resnet_prof_run/resnet50_train_step_4_devices/mini_module_377.hlo
------------------------------------------------
Runtime estimate for mini_module_377.mlir - runtime: 8.448000000000002
-----------------------------------------------------------
Translating MLIR to HLO:
xla-translate --stablehlo-to-hlo-text -o /opt/hespas/hespas_workload/experiments/resnet_fusion/resnet_prof_run/resnet50_train_step_4_devices/mini_module_374.hlo /opt/hespas/hespas_workload/experiments/resnet_fusion/resnet_prof_run/resnet50_train_step_4_devices/mini_module_374.mlir
hlo_runner_main --num_repeats=5 --profile_execution=true --hlo_argument_mode=uninitialized /opt/hespas/hespas_workload/experiments/resnet_fusion/resnet_prof_run/resnet50_train_step_4_devices/mini_module_374.hlo
------------------------------------------------
Runtime estimate for mini_module_374.mlir - runtime: 568.832
-----------------------------------------------------------
Translating MLIR to HLO:
xla-translate --stablehlo-to-hlo-text -o /opt/hespas/hespas_workload/experiments/resnet_fusion/resnet_prof_run/resnet50_train_step_4_devices/mini_module_213.hlo /opt/hespas/hespas_workload/experiments/resnet_fusion/resnet_prof_run/resnet50_train_step_4_devices/mini_module_213.mlir
hlo_runner_main --num_repeats=5 --profile_execution=true --hlo_argument_mode=uninitialized /opt/hespas/hespas_workload/experiments/resnet_fusion/resnet_prof_run/resnet50_train_step_4_devices/mini_module_213.hlo
------------------------------------------------
Runtime estimate for mini_module_213.mlir - runtime: 3567.1040000000003
-----------------------------------------------------------
Translating MLIR to HLO:
xla-translate --stablehlo-to-hlo-text -o /opt/hespas/hespas_workload/experiments/resnet_fusion/resnet_prof_run/resnet50_train_step_4_devices/mini_module_210.hlo /opt/hespas/hespas_workload/experiments/resnet_fusion/resnet_prof_run/resnet50_train_step_4_devices/mini_module_210.mlir
hlo_runner_main --num_repeats=5 --profile_execution=true --hlo_argument_mode=uninitialized /opt/hespas/hespas_workload/experiments/resnet_fusion/resnet_prof_run/resnet50_train_step_4_devices/mini_module_210.hlo
------------------------------------------------
Runtime estimate for mini_module_210.mlir - runtime: 6374.144
-----------------------------------------------------------
Translating MLIR to HLO:
xla-translate --stablehlo-to-hlo-text -o /opt/hespas/hespas_workload/experiments/resnet_fusion/resnet_prof_run/resnet50_train_step_4_devices/mini_module_208.hlo /opt/hespas/hespas_workload/experiments/resnet_fusion/resnet_prof_run/resnet50_train_step_4_devices/mini_module_208.mlir
hlo_runner_main --num_repeats=5 --profile_execution=true --hlo_argument_mode=uninitialized /opt/hespas/hespas_workload/experiments/resnet_fusion/resnet_prof_run/resnet50_train_step_4_devices/mini_module_208.hlo
------------------------------------------------
Runtime estimate for mini_module_208.mlir - runtime: 1635.3280000000002
-----------------------------------------------------------
Translating MLIR to HLO:
xla-translate --stablehlo-to-hlo-text -o /opt/hespas/hespas_workload/experiments/resnet_fusion/resnet_prof_run/resnet50_train_step_4_devices/mini_module_206.hlo /opt/hespas/hespas_workload/experiments/resnet_fusion/resnet_prof_run/resnet50_train_step_4_devices/mini_module_206.mlir
hlo_runner_main --num_repeats=5 --profile_execution=true --hlo_argument_mode=uninitialized /opt/hespas/hespas_workload/experiments/resnet_fusion/resnet_prof_run/resnet50_train_step_4_devices/mini_module_206.hlo
------------------------------------------------
Runtime estimate for mini_module_206.mlir - runtime: 2439.424
-----------------------------------------------------------
Translating MLIR to HLO:
xla-translate --stablehlo-to-hlo-text -o /opt/hespas/hespas_workload/experiments/resnet_fusion/resnet_prof_run/resnet50_train_step_4_devices/mini_module_204.hlo /opt/hespas/hespas_workload/experiments/resnet_fusion/resnet_prof_run/resnet50_train_step_4_devices/mini_module_204.mlir
hlo_runner_main --num_repeats=5 --profile_execution=true --hlo_argument_mode=uninitialized /opt/hespas/hespas_workload/experiments/resnet_fusion/resnet_prof_run/resnet50_train_step_4_devices/mini_module_204.hlo
------------------------------------------------
Runtime estimate for mini_module_204.mlir - runtime: 3490.5600000000004
-----------------------------------------------------------
Translating MLIR to HLO:
xla-translate --stablehlo-to-hlo-text -o /opt/hespas/hespas_workload/experiments/resnet_fusion/resnet_prof_run/resnet50_train_step_4_devices/mini_module_202.hlo /opt/hespas/hespas_workload/experiments/resnet_fusion/resnet_prof_run/resnet50_train_step_4_devices/mini_module_202.mlir
hlo_runner_main --num_repeats=5 --profile_execution=true --hlo_argument_mode=uninitialized /opt/hespas/hespas_workload/experiments/resnet_fusion/resnet_prof_run/resnet50_train_step_4_devices/mini_module_202.hlo
------------------------------------------------
Runtime estimate for mini_module_202.mlir - runtime: 3235.328
-----------------------------------------------------------
Cache hit (208) for mini_module_200.mlir - runtime: 1635.3280000000002
-----------------------------------------------------------
Cache hit (206) for mini_module_198.mlir - runtime: 2439.424
-----------------------------------------------------------
Cache hit (202) for mini_module_196.mlir - runtime: 3235.328
-----------------------------------------------------------
Cache hit (208) for mini_module_194.mlir - runtime: 1635.3280000000002
-----------------------------------------------------------
Cache hit (206) for mini_module_192.mlir - runtime: 2439.424
-----------------------------------------------------------
Translating MLIR to HLO:
xla-translate --stablehlo-to-hlo-text -o /opt/hespas/hespas_workload/experiments/resnet_fusion/resnet_prof_run/resnet50_train_step_4_devices/mini_module_190.hlo /opt/hespas/hespas_workload/experiments/resnet_fusion/resnet_prof_run/resnet50_train_step_4_devices/mini_module_190.mlir
hlo_runner_main --num_repeats=5 --profile_execution=true --hlo_argument_mode=uninitialized /opt/hespas/hespas_workload/experiments/resnet_fusion/resnet_prof_run/resnet50_train_step_4_devices/mini_module_190.hlo
------------------------------------------------
Runtime estimate for mini_module_190.mlir - runtime: 3686.4000000000005
-----------------------------------------------------------
Translating MLIR to HLO:
xla-translate --stablehlo-to-hlo-text -o /opt/hespas/hespas_workload/experiments/resnet_fusion/resnet_prof_run/resnet50_train_step_4_devices/mini_module_188.hlo /opt/hespas/hespas_workload/experiments/resnet_fusion/resnet_prof_run/resnet50_train_step_4_devices/mini_module_188.mlir
hlo_runner_main --num_repeats=5 --profile_execution=true --hlo_argument_mode=uninitialized /opt/hespas/hespas_workload/experiments/resnet_fusion/resnet_prof_run/resnet50_train_step_4_devices/mini_module_188.hlo
------------------------------------------------
Runtime estimate for mini_module_188.mlir - runtime: 2219.7760000000003
-----------------------------------------------------------
Translating MLIR to HLO:
xla-translate --stablehlo-to-hlo-text -o /opt/hespas/hespas_workload/experiments/resnet_fusion/resnet_prof_run/resnet50_train_step_4_devices/mini_module_186.hlo /opt/hespas/hespas_workload/experiments/resnet_fusion/resnet_prof_run/resnet50_train_step_4_devices/mini_module_186.mlir
hlo_runner_main --num_repeats=5 --profile_execution=true --hlo_argument_mode=uninitialized /opt/hespas/hespas_workload/experiments/resnet_fusion/resnet_prof_run/resnet50_train_step_4_devices/mini_module_186.hlo
------------------------------------------------
Runtime estimate for mini_module_186.mlir - runtime: 1276.4160000000002
-----------------------------------------------------------
Translating MLIR to HLO:
xla-translate --stablehlo-to-hlo-text -o /opt/hespas/hespas_workload/experiments/resnet_fusion/resnet_prof_run/resnet50_train_step_4_devices/mini_module_184.hlo /opt/hespas/hespas_workload/experiments/resnet_fusion/resnet_prof_run/resnet50_train_step_4_devices/mini_module_184.mlir
hlo_runner_main --num_repeats=5 --profile_execution=true --hlo_argument_mode=uninitialized /opt/hespas/hespas_workload/experiments/resnet_fusion/resnet_prof_run/resnet50_train_step_4_devices/mini_module_184.hlo
------------------------------------------------
Runtime estimate for mini_module_184.mlir - runtime: 2260.992
-----------------------------------------------------------
Translating MLIR to HLO:
xla-translate --stablehlo-to-hlo-text -o /opt/hespas/hespas_workload/experiments/resnet_fusion/resnet_prof_run/resnet50_train_step_4_devices/mini_module_182.hlo /opt/hespas/hespas_workload/experiments/resnet_fusion/resnet_prof_run/resnet50_train_step_4_devices/mini_module_182.mlir
hlo_runner_main --num_repeats=5 --profile_execution=true --hlo_argument_mode=uninitialized /opt/hespas/hespas_workload/experiments/resnet_fusion/resnet_prof_run/resnet50_train_step_4_devices/mini_module_182.hlo
------------------------------------------------
Runtime estimate for mini_module_182.mlir - runtime: 1693.1840000000002
-----------------------------------------------------------
Translating MLIR to HLO:
xla-translate --stablehlo-to-hlo-text -o /opt/hespas/hespas_workload/experiments/resnet_fusion/resnet_prof_run/resnet50_train_step_4_devices/mini_module_180.hlo /opt/hespas/hespas_workload/experiments/resnet_fusion/resnet_prof_run/resnet50_train_step_4_devices/mini_module_180.mlir
hlo_runner_main --num_repeats=5 --profile_execution=true --hlo_argument_mode=uninitialized /opt/hespas/hespas_workload/experiments/resnet_fusion/resnet_prof_run/resnet50_train_step_4_devices/mini_module_180.hlo
------------------------------------------------
Runtime estimate for mini_module_180.mlir - runtime: 988.9280000000001
-----------------------------------------------------------
Cache hit (186) for mini_module_178.mlir - runtime: 1276.4160000000002
-----------------------------------------------------------
Cache hit (182) for mini_module_176.mlir - runtime: 1693.1840000000002
-----------------------------------------------------------
Cache hit (180) for mini_module_174.mlir - runtime: 988.9280000000001
-----------------------------------------------------------
Cache hit (186) for mini_module_172.mlir - runtime: 1276.4160000000002
-----------------------------------------------------------
Cache hit (182) for mini_module_170.mlir - runtime: 1693.1840000000002
-----------------------------------------------------------
Cache hit (180) for mini_module_168.mlir - runtime: 988.9280000000001
-----------------------------------------------------------
Cache hit (186) for mini_module_166.mlir - runtime: 1276.4160000000002
-----------------------------------------------------------
Translating MLIR to HLO:
xla-translate --stablehlo-to-hlo-text -o /opt/hespas/hespas_workload/experiments/resnet_fusion/resnet_prof_run/resnet50_train_step_4_devices/mini_module_164.hlo /opt/hespas/hespas_workload/experiments/resnet_fusion/resnet_prof_run/resnet50_train_step_4_devices/mini_module_164.mlir
hlo_runner_main --num_repeats=5 --profile_execution=true --hlo_argument_mode=uninitialized /opt/hespas/hespas_workload/experiments/resnet_fusion/resnet_prof_run/resnet50_train_step_4_devices/mini_module_164.hlo
------------------------------------------------
Runtime estimate for mini_module_164.mlir - runtime: 1932.8000000000002
-----------------------------------------------------------
Translating MLIR to HLO:
xla-translate --stablehlo-to-hlo-text -o /opt/hespas/hespas_workload/experiments/resnet_fusion/resnet_prof_run/resnet50_train_step_4_devices/mini_module_162.hlo /opt/hespas/hespas_workload/experiments/resnet_fusion/resnet_prof_run/resnet50_train_step_4_devices/mini_module_162.mlir
hlo_runner_main --num_repeats=5 --profile_execution=true --hlo_argument_mode=uninitialized /opt/hespas/hespas_workload/experiments/resnet_fusion/resnet_prof_run/resnet50_train_step_4_devices/mini_module_162.hlo
------------------------------------------------
Runtime estimate for mini_module_162.mlir - runtime: 1387.5200000000002
-----------------------------------------------------------
Translating MLIR to HLO:
xla-translate --stablehlo-to-hlo-text -o /opt/hespas/hespas_workload/experiments/resnet_fusion/resnet_prof_run/resnet50_train_step_4_devices/mini_module_160.hlo /opt/hespas/hespas_workload/experiments/resnet_fusion/resnet_prof_run/resnet50_train_step_4_devices/mini_module_160.mlir
hlo_runner_main --num_repeats=5 --profile_execution=true --hlo_argument_mode=uninitialized /opt/hespas/hespas_workload/experiments/resnet_fusion/resnet_prof_run/resnet50_train_step_4_devices/mini_module_160.hlo
------------------------------------------------
Runtime estimate for mini_module_160.mlir - runtime: 724.7360000000001
-----------------------------------------------------------
Translating MLIR to HLO:
xla-translate --stablehlo-to-hlo-text -o /opt/hespas/hespas_workload/experiments/resnet_fusion/resnet_prof_run/resnet50_train_step_4_devices/mini_module_158.hlo /opt/hespas/hespas_workload/experiments/resnet_fusion/resnet_prof_run/resnet50_train_step_4_devices/mini_module_158.mlir
hlo_runner_main --num_repeats=5 --profile_execution=true --hlo_argument_mode=uninitialized /opt/hespas/hespas_workload/experiments/resnet_fusion/resnet_prof_run/resnet50_train_step_4_devices/mini_module_158.hlo
------------------------------------------------
Runtime estimate for mini_module_158.mlir - runtime: 1377.7920000000001
-----------------------------------------------------------
Translating MLIR to HLO:
xla-translate --stablehlo-to-hlo-text -o /opt/hespas/hespas_workload/experiments/resnet_fusion/resnet_prof_run/resnet50_train_step_4_devices/mini_module_156.hlo /opt/hespas/hespas_workload/experiments/resnet_fusion/resnet_prof_run/resnet50_train_step_4_devices/mini_module_156.mlir
hlo_runner_main --num_repeats=5 --profile_execution=true --hlo_argument_mode=uninitialized /opt/hespas/hespas_workload/experiments/resnet_fusion/resnet_prof_run/resnet50_train_step_4_devices/mini_module_156.hlo
------------------------------------------------
Runtime estimate for mini_module_156.mlir - runtime: 924.6720000000001
-----------------------------------------------------------
Translating MLIR to HLO:
xla-translate --stablehlo-to-hlo-text -o /opt/hespas/hespas_workload/experiments/resnet_fusion/resnet_prof_run/resnet50_train_step_4_devices/mini_module_154.hlo /opt/hespas/hespas_workload/experiments/resnet_fusion/resnet_prof_run/resnet50_train_step_4_devices/mini_module_154.mlir
hlo_runner_main --num_repeats=5 --profile_execution=true --hlo_argument_mode=uninitialized /opt/hespas/hespas_workload/experiments/resnet_fusion/resnet_prof_run/resnet50_train_step_4_devices/mini_module_154.hlo
------------------------------------------------
Runtime estimate for mini_module_154.mlir - runtime: 746.24
-----------------------------------------------------------
Cache hit (160) for mini_module_152.mlir - runtime: 724.7360000000001
-----------------------------------------------------------
Cache hit (156) for mini_module_150.mlir - runtime: 924.6720000000001
-----------------------------------------------------------
Cache hit (154) for mini_module_148.mlir - runtime: 746.24
-----------------------------------------------------------
Cache hit (160) for mini_module_146.mlir - runtime: 724.7360000000001
-----------------------------------------------------------
Cache hit (156) for mini_module_144.mlir - runtime: 924.6720000000001
-----------------------------------------------------------
Cache hit (154) for mini_module_142.mlir - runtime: 746.24
-----------------------------------------------------------
Cache hit (160) for mini_module_140.mlir - runtime: 724.7360000000001
-----------------------------------------------------------
Cache hit (156) for mini_module_138.mlir - runtime: 924.6720000000001
-----------------------------------------------------------
Cache hit (154) for mini_module_136.mlir - runtime: 746.24
-----------------------------------------------------------
Cache hit (160) for mini_module_134.mlir - runtime: 724.7360000000001
-----------------------------------------------------------
Cache hit (156) for mini_module_132.mlir - runtime: 924.6720000000001
-----------------------------------------------------------
Cache hit (154) for mini_module_130.mlir - runtime: 746.24
-----------------------------------------------------------
Cache hit (160) for mini_module_128.mlir - runtime: 724.7360000000001
-----------------------------------------------------------
Translating MLIR to HLO:
xla-translate --stablehlo-to-hlo-text -o /opt/hespas/hespas_workload/experiments/resnet_fusion/resnet_prof_run/resnet50_train_step_4_devices/mini_module_126.hlo /opt/hespas/hespas_workload/experiments/resnet_fusion/resnet_prof_run/resnet50_train_step_4_devices/mini_module_126.mlir
hlo_runner_main --num_repeats=5 --profile_execution=true --hlo_argument_mode=uninitialized /opt/hespas/hespas_workload/experiments/resnet_fusion/resnet_prof_run/resnet50_train_step_4_devices/mini_module_126.hlo
------------------------------------------------
Runtime estimate for mini_module_126.mlir - runtime: 1146.6240000000003
-----------------------------------------------------------
Translating MLIR to HLO:
xla-translate --stablehlo-to-hlo-text -o /opt/hespas/hespas_workload/experiments/resnet_fusion/resnet_prof_run/resnet50_train_step_4_devices/mini_module_124.hlo /opt/hespas/hespas_workload/experiments/resnet_fusion/resnet_prof_run/resnet50_train_step_4_devices/mini_module_124.mlir
hlo_runner_main --num_repeats=5 --profile_execution=true --hlo_argument_mode=uninitialized /opt/hespas/hespas_workload/experiments/resnet_fusion/resnet_prof_run/resnet50_train_step_4_devices/mini_module_124.hlo
------------------------------------------------
Runtime estimate for mini_module_124.mlir - runtime: 1010.9440000000002
-----------------------------------------------------------
Translating MLIR to HLO:
xla-translate --stablehlo-to-hlo-text -o /opt/hespas/hespas_workload/experiments/resnet_fusion/resnet_prof_run/resnet50_train_step_4_devices/mini_module_122.hlo /opt/hespas/hespas_workload/experiments/resnet_fusion/resnet_prof_run/resnet50_train_step_4_devices/mini_module_122.mlir
hlo_runner_main --num_repeats=5 --profile_execution=true --hlo_argument_mode=uninitialized /opt/hespas/hespas_workload/experiments/resnet_fusion/resnet_prof_run/resnet50_train_step_4_devices/mini_module_122.hlo
------------------------------------------------
Runtime estimate for mini_module_122.mlir - runtime: 487.68000000000006
-----------------------------------------------------------
Translating MLIR to HLO:
xla-translate --stablehlo-to-hlo-text -o /opt/hespas/hespas_workload/experiments/resnet_fusion/resnet_prof_run/resnet50_train_step_4_devices/mini_module_120.hlo /opt/hespas/hespas_workload/experiments/resnet_fusion/resnet_prof_run/resnet50_train_step_4_devices/mini_module_120.mlir
hlo_runner_main --num_repeats=5 --profile_execution=true --hlo_argument_mode=uninitialized /opt/hespas/hespas_workload/experiments/resnet_fusion/resnet_prof_run/resnet50_train_step_4_devices/mini_module_120.hlo
------------------------------------------------
Runtime estimate for mini_module_120.mlir - runtime: 946.688
-----------------------------------------------------------
Translating MLIR to HLO:
xla-translate --stablehlo-to-hlo-text -o /opt/hespas/hespas_workload/experiments/resnet_fusion/resnet_prof_run/resnet50_train_step_4_devices/mini_module_118.hlo /opt/hespas/hespas_workload/experiments/resnet_fusion/resnet_prof_run/resnet50_train_step_4_devices/mini_module_118.mlir
hlo_runner_main --num_repeats=5 --profile_execution=true --hlo_argument_mode=uninitialized /opt/hespas/hespas_workload/experiments/resnet_fusion/resnet_prof_run/resnet50_train_step_4_devices/mini_module_118.hlo
------------------------------------------------
Runtime estimate for mini_module_118.mlir - runtime: 585.984
-----------------------------------------------------------
Translating MLIR to HLO:
xla-translate --stablehlo-to-hlo-text -o /opt/hespas/hespas_workload/experiments/resnet_fusion/resnet_prof_run/resnet50_train_step_4_devices/mini_module_116.hlo /opt/hespas/hespas_workload/experiments/resnet_fusion/resnet_prof_run/resnet50_train_step_4_devices/mini_module_116.mlir
hlo_runner_main --num_repeats=5 --profile_execution=true --hlo_argument_mode=uninitialized /opt/hespas/hespas_workload/experiments/resnet_fusion/resnet_prof_run/resnet50_train_step_4_devices/mini_module_116.hlo
------------------------------------------------
Runtime estimate for mini_module_116.mlir - runtime: 624.128
-----------------------------------------------------------
Cache hit (122) for mini_module_114.mlir - runtime: 487.68000000000006
-----------------------------------------------------------
Cache hit (118) for mini_module_112.mlir - runtime: 585.984
-----------------------------------------------------------
Cache hit (116) for mini_module_110.mlir - runtime: 624.128
-----------------------------------------------------------
Cache hit (122) for mini_module_107.mlir - runtime: 487.68000000000006
-----------------------------------------------------------
Translating MLIR to HLO:
xla-translate --stablehlo-to-hlo-text -o /opt/hespas/hespas_workload/experiments/resnet_fusion/resnet_prof_run/resnet50_train_step_4_devices/mini_module_108.hlo /opt/hespas/hespas_workload/experiments/resnet_fusion/resnet_prof_run/resnet50_train_step_4_devices/mini_module_108.mlir
hlo_runner_main --num_repeats=5 --profile_execution=true --hlo_argument_mode=uninitialized /opt/hespas/hespas_workload/experiments/resnet_fusion/resnet_prof_run/resnet50_train_step_4_devices/mini_module_108.hlo
------------------------------------------------
Runtime estimate for mini_module_108.mlir - runtime: 1024.7680000000003
-----------------------------------------------------------
Translating MLIR to HLO:
xla-translate --stablehlo-to-hlo-text -o /opt/hespas/hespas_workload/experiments/resnet_fusion/resnet_prof_run/resnet50_train_step_4_devices/mini_module_104.hlo /opt/hespas/hespas_workload/experiments/resnet_fusion/resnet_prof_run/resnet50_train_step_4_devices/mini_module_104.mlir
hlo_runner_main --num_repeats=5 --profile_execution=true --hlo_argument_mode=uninitialized /opt/hespas/hespas_workload/experiments/resnet_fusion/resnet_prof_run/resnet50_train_step_4_devices/mini_module_104.hlo
------------------------------------------------
Runtime estimate for mini_module_104.mlir - runtime: 319.48800000000006
-----------------------------------------------------------
Translating MLIR to HLO:
xla-translate --stablehlo-to-hlo-text -o /opt/hespas/hespas_workload/experiments/resnet_fusion/resnet_prof_run/resnet50_train_step_4_devices/mini_module_102.hlo /opt/hespas/hespas_workload/experiments/resnet_fusion/resnet_prof_run/resnet50_train_step_4_devices/mini_module_102.mlir
hlo_runner_main --num_repeats=5 --profile_execution=true --hlo_argument_mode=uninitialized /opt/hespas/hespas_workload/experiments/resnet_fusion/resnet_prof_run/resnet50_train_step_4_devices/mini_module_102.hlo
------------------------------------------------
Runtime estimate for mini_module_102.mlir - runtime: 327.93600000000004
-----------------------------------------------------------
Translating MLIR to HLO:
xla-translate --stablehlo-to-hlo-text -o /opt/hespas/hespas_workload/experiments/resnet_fusion/resnet_prof_run/resnet50_train_step_4_devices/mini_module_100.hlo /opt/hespas/hespas_workload/experiments/resnet_fusion/resnet_prof_run/resnet50_train_step_4_devices/mini_module_100.mlir
hlo_runner_main --num_repeats=5 --profile_execution=true --hlo_argument_mode=uninitialized /opt/hespas/hespas_workload/experiments/resnet_fusion/resnet_prof_run/resnet50_train_step_4_devices/mini_module_100.hlo
------------------------------------------------
Runtime estimate for mini_module_100.mlir - runtime: 336.64000000000004
-----------------------------------------------------------
Cache hit (104) for mini_module_98.mlir - runtime: 319.48800000000006
-----------------------------------------------------------
Cache hit (102) for mini_module_96.mlir - runtime: 327.93600000000004
-----------------------------------------------------------
Translating MLIR to HLO:
xla-translate --stablehlo-to-hlo-text -o /opt/hespas/hespas_workload/experiments/resnet_fusion/resnet_prof_run/resnet50_train_step_4_devices/mini_module_94.hlo /opt/hespas/hespas_workload/experiments/resnet_fusion/resnet_prof_run/resnet50_train_step_4_devices/mini_module_94.mlir
hlo_runner_main --num_repeats=5 --profile_execution=true --hlo_argument_mode=uninitialized /opt/hespas/hespas_workload/experiments/resnet_fusion/resnet_prof_run/resnet50_train_step_4_devices/mini_module_94.hlo
------------------------------------------------
Runtime estimate for mini_module_94.mlir - runtime: 336.384
-----------------------------------------------------------
Translating MLIR to HLO:
xla-translate --stablehlo-to-hlo-text -o /opt/hespas/hespas_workload/experiments/resnet_fusion/resnet_prof_run/resnet50_train_step_4_devices/mini_module_92.hlo /opt/hespas/hespas_workload/experiments/resnet_fusion/resnet_prof_run/resnet50_train_step_4_devices/mini_module_92.mlir
hlo_runner_main --num_repeats=5 --profile_execution=true --hlo_argument_mode=uninitialized /opt/hespas/hespas_workload/experiments/resnet_fusion/resnet_prof_run/resnet50_train_step_4_devices/mini_module_92.hlo
------------------------------------------------
Runtime estimate for mini_module_92.mlir - runtime: 448.51200000000006
-----------------------------------------------------------
Cache hit (104) for mini_module_90.mlir - runtime: 319.48800000000006
-----------------------------------------------------------
Translating MLIR to HLO:
xla-translate --stablehlo-to-hlo-text -o /opt/hespas/hespas_workload/experiments/resnet_fusion/resnet_prof_run/resnet50_train_step_4_devices/mini_module_88.hlo /opt/hespas/hespas_workload/experiments/resnet_fusion/resnet_prof_run/resnet50_train_step_4_devices/mini_module_88.mlir
hlo_runner_main --num_repeats=5 --profile_execution=true --hlo_argument_mode=uninitialized /opt/hespas/hespas_workload/experiments/resnet_fusion/resnet_prof_run/resnet50_train_step_4_devices/mini_module_88.hlo
------------------------------------------------
Runtime estimate for mini_module_88.mlir - runtime: 485.12000000000006
-----------------------------------------------------------
Translating MLIR to HLO:
xla-translate --stablehlo-to-hlo-text -o /opt/hespas/hespas_workload/experiments/resnet_fusion/resnet_prof_run/resnet50_train_step_4_devices/mini_module_86.hlo /opt/hespas/hespas_workload/experiments/resnet_fusion/resnet_prof_run/resnet50_train_step_4_devices/mini_module_86.mlir
hlo_runner_main --num_repeats=5 --profile_execution=true --hlo_argument_mode=uninitialized /opt/hespas/hespas_workload/experiments/resnet_fusion/resnet_prof_run/resnet50_train_step_4_devices/mini_module_86.hlo
------------------------------------------------
Runtime estimate for mini_module_86.mlir - runtime: 824.0640000000001
-----------------------------------------------------------
Translating MLIR to HLO:
xla-translate --stablehlo-to-hlo-text -o /opt/hespas/hespas_workload/experiments/resnet_fusion/resnet_prof_run/resnet50_train_step_4_devices/mini_module_84.hlo /opt/hespas/hespas_workload/experiments/resnet_fusion/resnet_prof_run/resnet50_train_step_4_devices/mini_module_84.mlir
hlo_runner_main --num_repeats=5 --profile_execution=true --hlo_argument_mode=uninitialized /opt/hespas/hespas_workload/experiments/resnet_fusion/resnet_prof_run/resnet50_train_step_4_devices/mini_module_84.hlo
------------------------------------------------
Runtime estimate for mini_module_84.mlir - runtime: 685.3120000000001
-----------------------------------------------------------
Translating MLIR to HLO:
xla-translate --stablehlo-to-hlo-text -o /opt/hespas/hespas_workload/experiments/resnet_fusion/resnet_prof_run/resnet50_train_step_4_devices/mini_module_82.hlo /opt/hespas/hespas_workload/experiments/resnet_fusion/resnet_prof_run/resnet50_train_step_4_devices/mini_module_82.mlir
hlo_runner_main --num_repeats=5 --profile_execution=true --hlo_argument_mode=uninitialized /opt/hespas/hespas_workload/experiments/resnet_fusion/resnet_prof_run/resnet50_train_step_4_devices/mini_module_82.hlo
------------------------------------------------
Runtime estimate for mini_module_82.mlir - runtime: 468.48
-----------------------------------------------------------
Translating MLIR to HLO:
xla-translate --stablehlo-to-hlo-text -o /opt/hespas/hespas_workload/experiments/resnet_fusion/resnet_prof_run/resnet50_train_step_4_devices/mini_module_80.hlo /opt/hespas/hespas_workload/experiments/resnet_fusion/resnet_prof_run/resnet50_train_step_4_devices/mini_module_80.mlir
hlo_runner_main --num_repeats=5 --profile_execution=true --hlo_argument_mode=uninitialized /opt/hespas/hespas_workload/experiments/resnet_fusion/resnet_prof_run/resnet50_train_step_4_devices/mini_module_80.hlo
------------------------------------------------
Runtime estimate for mini_module_80.mlir - runtime: 644.0960000000001
-----------------------------------------------------------
Cache hit (84) for mini_module_78.mlir - runtime: 685.3120000000001
-----------------------------------------------------------
Cache hit (82) for mini_module_76.mlir - runtime: 468.48
-----------------------------------------------------------
Cache hit (80) for mini_module_74.mlir - runtime: 644.0960000000001
-----------------------------------------------------------
Cache hit (84) for mini_module_72.mlir - runtime: 685.3120000000001
-----------------------------------------------------------
Cache hit (82) for mini_module_70.mlir - runtime: 468.48
-----------------------------------------------------------
Cache hit (80) for mini_module_68.mlir - runtime: 644.0960000000001
-----------------------------------------------------------
Cache hit (84) for mini_module_66.mlir - runtime: 685.3120000000001
-----------------------------------------------------------
Cache hit (82) for mini_module_64.mlir - runtime: 468.48
-----------------------------------------------------------
Cache hit (80) for mini_module_62.mlir - runtime: 644.0960000000001
-----------------------------------------------------------
Cache hit (84) for mini_module_60.mlir - runtime: 685.3120000000001
-----------------------------------------------------------
Cache hit (82) for mini_module_58.mlir - runtime: 468.48
-----------------------------------------------------------
Translating MLIR to HLO:
xla-translate --stablehlo-to-hlo-text -o /opt/hespas/hespas_workload/experiments/resnet_fusion/resnet_prof_run/resnet50_train_step_4_devices/mini_module_56.hlo /opt/hespas/hespas_workload/experiments/resnet_fusion/resnet_prof_run/resnet50_train_step_4_devices/mini_module_56.mlir
hlo_runner_main --num_repeats=5 --profile_execution=true --hlo_argument_mode=uninitialized /opt/hespas/hespas_workload/experiments/resnet_fusion/resnet_prof_run/resnet50_train_step_4_devices/mini_module_56.hlo
------------------------------------------------
Runtime estimate for mini_module_56.mlir - runtime: 646.1440000000001
-----------------------------------------------------------
Translating MLIR to HLO:
xla-translate --stablehlo-to-hlo-text -o /opt/hespas/hespas_workload/experiments/resnet_fusion/resnet_prof_run/resnet50_train_step_4_devices/mini_module_54.hlo /opt/hespas/hespas_workload/experiments/resnet_fusion/resnet_prof_run/resnet50_train_step_4_devices/mini_module_54.mlir
hlo_runner_main --num_repeats=5 --profile_execution=true --hlo_argument_mode=uninitialized /opt/hespas/hespas_workload/experiments/resnet_fusion/resnet_prof_run/resnet50_train_step_4_devices/mini_module_54.hlo
------------------------------------------------
Runtime estimate for mini_module_54.mlir - runtime: 861.1840000000001
-----------------------------------------------------------
Cache hit (84) for mini_module_52.mlir - runtime: 685.3120000000001
-----------------------------------------------------------
Translating MLIR to HLO:
xla-translate --stablehlo-to-hlo-text -o /opt/hespas/hespas_workload/experiments/resnet_fusion/resnet_prof_run/resnet50_train_step_4_devices/mini_module_50.hlo /opt/hespas/hespas_workload/experiments/resnet_fusion/resnet_prof_run/resnet50_train_step_4_devices/mini_module_50.mlir
hlo_runner_main --num_repeats=5 --profile_execution=true --hlo_argument_mode=uninitialized /opt/hespas/hespas_workload/experiments/resnet_fusion/resnet_prof_run/resnet50_train_step_4_devices/mini_module_50.hlo
------------------------------------------------
Runtime estimate for mini_module_50.mlir - runtime: 777.984
-----------------------------------------------------------
Translating MLIR to HLO:
xla-translate --stablehlo-to-hlo-text -o /opt/hespas/hespas_workload/experiments/resnet_fusion/resnet_prof_run/resnet50_train_step_4_devices/mini_module_48.hlo /opt/hespas/hespas_workload/experiments/resnet_fusion/resnet_prof_run/resnet50_train_step_4_devices/mini_module_48.mlir
hlo_runner_main --num_repeats=5 --profile_execution=true --hlo_argument_mode=uninitialized /opt/hespas/hespas_workload/experiments/resnet_fusion/resnet_prof_run/resnet50_train_step_4_devices/mini_module_48.hlo
------------------------------------------------
Runtime estimate for mini_module_48.mlir - runtime: 1470.72
-----------------------------------------------------------
Translating MLIR to HLO:
xla-translate --stablehlo-to-hlo-text -o /opt/hespas/hespas_workload/experiments/resnet_fusion/resnet_prof_run/resnet50_train_step_4_devices/mini_module_46.hlo /opt/hespas/hespas_workload/experiments/resnet_fusion/resnet_prof_run/resnet50_train_step_4_devices/mini_module_46.mlir
hlo_runner_main --num_repeats=5 --profile_execution=true --hlo_argument_mode=uninitialized /opt/hespas/hespas_workload/experiments/resnet_fusion/resnet_prof_run/resnet50_train_step_4_devices/mini_module_46.hlo
------------------------------------------------
Runtime estimate for mini_module_46.mlir - runtime: 1308.6720000000003
-----------------------------------------------------------
Translating MLIR to HLO:
xla-translate --stablehlo-to-hlo-text -o /opt/hespas/hespas_workload/experiments/resnet_fusion/resnet_prof_run/resnet50_train_step_4_devices/mini_module_44.hlo /opt/hespas/hespas_workload/experiments/resnet_fusion/resnet_prof_run/resnet50_train_step_4_devices/mini_module_44.mlir
hlo_runner_main --num_repeats=5 --profile_execution=true --hlo_argument_mode=uninitialized /opt/hespas/hespas_workload/experiments/resnet_fusion/resnet_prof_run/resnet50_train_step_4_devices/mini_module_44.hlo
------------------------------------------------
Runtime estimate for mini_module_44.mlir - runtime: 555.5200000000001
-----------------------------------------------------------
Translating MLIR to HLO:
xla-translate --stablehlo-to-hlo-text -o /opt/hespas/hespas_workload/experiments/resnet_fusion/resnet_prof_run/resnet50_train_step_4_devices/mini_module_42.hlo /opt/hespas/hespas_workload/experiments/resnet_fusion/resnet_prof_run/resnet50_train_step_4_devices/mini_module_42.mlir
hlo_runner_main --num_repeats=5 --profile_execution=true --hlo_argument_mode=uninitialized /opt/hespas/hespas_workload/experiments/resnet_fusion/resnet_prof_run/resnet50_train_step_4_devices/mini_module_42.hlo
------------------------------------------------
Runtime estimate for mini_module_42.mlir - runtime: 1045.5040000000001
-----------------------------------------------------------
Cache hit (46) for mini_module_40.mlir - runtime: 1308.6720000000003
-----------------------------------------------------------
Cache hit (44) for mini_module_38.mlir - runtime: 555.5200000000001
-----------------------------------------------------------
Cache hit (42) for mini_module_36.mlir - runtime: 1045.5040000000001
-----------------------------------------------------------
Cache hit (46) for mini_module_34.mlir - runtime: 1308.6720000000003
-----------------------------------------------------------
Cache hit (44) for mini_module_32.mlir - runtime: 555.5200000000001
-----------------------------------------------------------
Translating MLIR to HLO:
xla-translate --stablehlo-to-hlo-text -o /opt/hespas/hespas_workload/experiments/resnet_fusion/resnet_prof_run/resnet50_train_step_4_devices/mini_module_30.hlo /opt/hespas/hespas_workload/experiments/resnet_fusion/resnet_prof_run/resnet50_train_step_4_devices/mini_module_30.mlir
hlo_runner_main --num_repeats=5 --profile_execution=true --hlo_argument_mode=uninitialized /opt/hespas/hespas_workload/experiments/resnet_fusion/resnet_prof_run/resnet50_train_step_4_devices/mini_module_30.hlo
------------------------------------------------
Runtime estimate for mini_module_30.mlir - runtime: 1047.04
-----------------------------------------------------------
Translating MLIR to HLO:
xla-translate --stablehlo-to-hlo-text -o /opt/hespas/hespas_workload/experiments/resnet_fusion/resnet_prof_run/resnet50_train_step_4_devices/mini_module_28.hlo /opt/hespas/hespas_workload/experiments/resnet_fusion/resnet_prof_run/resnet50_train_step_4_devices/mini_module_28.mlir
hlo_runner_main --num_repeats=5 --profile_execution=true --hlo_argument_mode=uninitialized /opt/hespas/hespas_workload/experiments/resnet_fusion/resnet_prof_run/resnet50_train_step_4_devices/mini_module_28.hlo
------------------------------------------------
Runtime estimate for mini_module_28.mlir - runtime: 1543.4240000000002
-----------------------------------------------------------
Cache hit (46) for mini_module_26.mlir - runtime: 1308.6720000000003
-----------------------------------------------------------
Translating MLIR to HLO:
xla-translate --stablehlo-to-hlo-text -o /opt/hespas/hespas_workload/experiments/resnet_fusion/resnet_prof_run/resnet50_train_step_4_devices/mini_module_24.hlo /opt/hespas/hespas_workload/experiments/resnet_fusion/resnet_prof_run/resnet50_train_step_4_devices/mini_module_24.mlir
hlo_runner_main --num_repeats=5 --profile_execution=true --hlo_argument_mode=uninitialized /opt/hespas/hespas_workload/experiments/resnet_fusion/resnet_prof_run/resnet50_train_step_4_devices/mini_module_24.hlo
------------------------------------------------
Runtime estimate for mini_module_24.mlir - runtime: 1193.2160000000001
-----------------------------------------------------------
Translating MLIR to HLO:
xla-translate --stablehlo-to-hlo-text -o /opt/hespas/hespas_workload/experiments/resnet_fusion/resnet_prof_run/resnet50_train_step_4_devices/mini_module_22.hlo /opt/hespas/hespas_workload/experiments/resnet_fusion/resnet_prof_run/resnet50_train_step_4_devices/mini_module_22.mlir
hlo_runner_main --num_repeats=5 --profile_execution=true --hlo_argument_mode=uninitialized /opt/hespas/hespas_workload/experiments/resnet_fusion/resnet_prof_run/resnet50_train_step_4_devices/mini_module_22.hlo
------------------------------------------------
Runtime estimate for mini_module_22.mlir - runtime: 2378.496
-----------------------------------------------------------
Translating MLIR to HLO:
xla-translate --stablehlo-to-hlo-text -o /opt/hespas/hespas_workload/experiments/resnet_fusion/resnet_prof_run/resnet50_train_step_4_devices/mini_module_20.hlo /opt/hespas/hespas_workload/experiments/resnet_fusion/resnet_prof_run/resnet50_train_step_4_devices/mini_module_20.mlir
hlo_runner_main --num_repeats=5 --profile_execution=true --hlo_argument_mode=uninitialized /opt/hespas/hespas_workload/experiments/resnet_fusion/resnet_prof_run/resnet50_train_step_4_devices/mini_module_20.hlo
------------------------------------------------
Runtime estimate for mini_module_20.mlir - runtime: 2171.648
-----------------------------------------------------------
Translating MLIR to HLO:
xla-translate --stablehlo-to-hlo-text -o /opt/hespas/hespas_workload/experiments/resnet_fusion/resnet_prof_run/resnet50_train_step_4_devices/mini_module_18.hlo /opt/hespas/hespas_workload/experiments/resnet_fusion/resnet_prof_run/resnet50_train_step_4_devices/mini_module_18.mlir
hlo_runner_main --num_repeats=5 --profile_execution=true --hlo_argument_mode=uninitialized /opt/hespas/hespas_workload/experiments/resnet_fusion/resnet_prof_run/resnet50_train_step_4_devices/mini_module_18.hlo
------------------------------------------------
Runtime estimate for mini_module_18.mlir - runtime: 893.696
-----------------------------------------------------------
Translating MLIR to HLO:
xla-translate --stablehlo-to-hlo-text -o /opt/hespas/hespas_workload/experiments/resnet_fusion/resnet_prof_run/resnet50_train_step_4_devices/mini_module_16.hlo /opt/hespas/hespas_workload/experiments/resnet_fusion/resnet_prof_run/resnet50_train_step_4_devices/mini_module_16.mlir
hlo_runner_main --num_repeats=5 --profile_execution=true --hlo_argument_mode=uninitialized /opt/hespas/hespas_workload/experiments/resnet_fusion/resnet_prof_run/resnet50_train_step_4_devices/mini_module_16.hlo
------------------------------------------------
Runtime estimate for mini_module_16.mlir - runtime: 2054.1440000000002
-----------------------------------------------------------
Cache hit (20) for mini_module_14.mlir - runtime: 2171.648
-----------------------------------------------------------
Cache hit (18) for mini_module_12.mlir - runtime: 893.696
-----------------------------------------------------------
Translating MLIR to HLO:
xla-translate --stablehlo-to-hlo-text -o /opt/hespas/hespas_workload/experiments/resnet_fusion/resnet_prof_run/resnet50_train_step_4_devices/mini_module_10.hlo /opt/hespas/hespas_workload/experiments/resnet_fusion/resnet_prof_run/resnet50_train_step_4_devices/mini_module_10.mlir
hlo_runner_main --num_repeats=5 --profile_execution=true --hlo_argument_mode=uninitialized /opt/hespas/hespas_workload/experiments/resnet_fusion/resnet_prof_run/resnet50_train_step_4_devices/mini_module_10.hlo
------------------------------------------------
Runtime estimate for mini_module_10.mlir - runtime: 2056.7040000000006
-----------------------------------------------------------
Translating MLIR to HLO:
xla-translate --stablehlo-to-hlo-text -o /opt/hespas/hespas_workload/experiments/resnet_fusion/resnet_prof_run/resnet50_train_step_4_devices/mini_module_8.hlo /opt/hespas/hespas_workload/experiments/resnet_fusion/resnet_prof_run/resnet50_train_step_4_devices/mini_module_8.mlir
hlo_runner_main --num_repeats=5 --profile_execution=true --hlo_argument_mode=uninitialized /opt/hespas/hespas_workload/experiments/resnet_fusion/resnet_prof_run/resnet50_train_step_4_devices/mini_module_8.hlo
------------------------------------------------
Runtime estimate for mini_module_8.mlir - runtime: 2502.1440000000007
-----------------------------------------------------------
Cache hit (20) for mini_module_6.mlir - runtime: 2171.648
-----------------------------------------------------------
Cache hit (18) for mini_module_4.mlir - runtime: 893.696
-----------------------------------------------------------
Translating MLIR to HLO:
xla-translate --stablehlo-to-hlo-text -o /opt/hespas/hespas_workload/experiments/resnet_fusion/resnet_prof_run/resnet50_train_step_4_devices/mini_module_2.hlo /opt/hespas/hespas_workload/experiments/resnet_fusion/resnet_prof_run/resnet50_train_step_4_devices/mini_module_2.mlir
hlo_runner_main --num_repeats=5 --profile_execution=true --hlo_argument_mode=uninitialized /opt/hespas/hespas_workload/experiments/resnet_fusion/resnet_prof_run/resnet50_train_step_4_devices/mini_module_2.hlo
------------------------------------------------
Runtime estimate for mini_module_2.mlir - runtime: 2034.6880000000003
-----------------------------------------------------------
Translating MLIR to HLO:
xla-translate --stablehlo-to-hlo-text -o /opt/hespas/hespas_workload/experiments/resnet_fusion/resnet_prof_run/resnet50_train_step_4_devices/mini_module_0.hlo /opt/hespas/hespas_workload/experiments/resnet_fusion/resnet_prof_run/resnet50_train_step_4_devices/mini_module_0.mlir
hlo_runner_main --num_repeats=5 --profile_execution=true --hlo_argument_mode=uninitialized /opt/hespas/hespas_workload/experiments/resnet_fusion/resnet_prof_run/resnet50_train_step_4_devices/mini_module_0.hlo
------------------------------------------------
Runtime estimate for mini_module_0.mlir - runtime: 4377.85575
------------------------------------------------------------
Linking chakra traces 4 times for all devices.
Chakra gen done.
Cache hits: 54
Basic block reuse rate: 0.48 (54/112)
Operator reuse factor: 0.32 (3598/11414)
Total estimator time taken: 174.0s vs total time (without caching): 334.404s (47.967% reduction)
Compute Runtime Estimation: 135763.71 us
Stats: {}
------------------------------------------------------------
Done. Output directory: /opt/hespas/hespas_workload/experiments/resnet_fusion/resnet_prof_run/resnet50_train_step_4_devices
Took 174.054s
