Created output directory: /opt/hespas/hespas_workload/experiments/resnet_fusion/resnet_prof_run/resnet18_train_step_4_devices
Dependency graph not loaded. Generating a new one.
Parsing mlir_file: /opt/hespas/hespas_workload/experiments/resnet_fusion/workloads/resnet18_train_step_4_devices.mlir
----------------------------------------
Input file          | /opt/hespas/hespas_workload/experiments/resnet_fusion/workloads/resnet18_train_step_4_devices.mlir
Number of non-expanded ops:| 4500
Split strategy      | linear_split
----------------------------------------
Dependency graph saved to /opt/hespas/hespas_workload/experiments/resnet_fusion/resnet_prof_run/resnet18_train_step_4_devices/dependency_graph.dot
Number of splits: 188
Creating new MLIR modules for each split:
Saving private functions to: /opt/hespas/hespas_workload/experiments/resnet_fusion/resnet_prof_run/resnet18_train_step_4_devices/private_functions.mlir
Generating MLIR Modules: 0modules [00:00, ?modules/s]Generating MLIR Modules: 0modules [00:00, ?modules/s, Mem cur:256MiB peak:256MiB]Generating MLIR Modules: 1modules [00:00,  6.29modules/s, Mem cur:256MiB peak:256MiB]Generating MLIR Modules: 188modules [00:00, 1182.29modules/s, Mem cur:256MiB peak:256MiB]Generating MLIR Modules: 188modules [00:00, 1181.84modules/s, Mem cur:256MiB peak:256MiB]
Removed 0 empty mlir nodes from dependency graph
Dependency graph pickled and saved to /opt/hespas/hespas_workload/experiments/resnet_fusion/resnet_prof_run/resnet18_train_step_4_devices/dependency_graph.pkl
Parsed 188 modules from the MLIR file.
No cached results found at: /opt/hespas/hespas_workload/experiments/resnet_fusion/resnet_prof_run/resnet18_train_step_4_devices/cache.json
>>>> DiGraph with 188 nodes and 187 edges
-----------------------------------------------------------
Translating MLIR to HLO:
xla-translate --stablehlo-to-hlo-text -o /opt/hespas/hespas_workload/experiments/resnet_fusion/resnet_prof_run/resnet18_train_step_4_devices/mini_module_187.hlo /opt/hespas/hespas_workload/experiments/resnet_fusion/resnet_prof_run/resnet18_train_step_4_devices/mini_module_187.mlir
hlo_runner_main --num_repeats=5 --profile_execution=true --hlo_argument_mode=uninitialized /opt/hespas/hespas_workload/experiments/resnet_fusion/resnet_prof_run/resnet18_train_step_4_devices/mini_module_187.hlo
------------------------------------------------
Runtime estimate for mini_module_187.mlir - runtime: 194.53600000000003
-----------------------------------------------------------
Translating MLIR to HLO:
xla-translate --stablehlo-to-hlo-text -o /opt/hespas/hespas_workload/experiments/resnet_fusion/resnet_prof_run/resnet18_train_step_4_devices/mini_module_146.hlo /opt/hespas/hespas_workload/experiments/resnet_fusion/resnet_prof_run/resnet18_train_step_4_devices/mini_module_146.mlir
hlo_runner_main --num_repeats=5 --profile_execution=true --hlo_argument_mode=uninitialized /opt/hespas/hespas_workload/experiments/resnet_fusion/resnet_prof_run/resnet18_train_step_4_devices/mini_module_146.hlo
------------------------------------------------
Runtime estimate for mini_module_146.mlir - runtime: 7.5040000000000004
-----------------------------------------------------------
Translating MLIR to HLO:
xla-translate --stablehlo-to-hlo-text -o /opt/hespas/hespas_workload/experiments/resnet_fusion/resnet_prof_run/resnet18_train_step_4_devices/mini_module_143.hlo /opt/hespas/hespas_workload/experiments/resnet_fusion/resnet_prof_run/resnet18_train_step_4_devices/mini_module_143.mlir
hlo_runner_main --num_repeats=5 --profile_execution=true --hlo_argument_mode=uninitialized /opt/hespas/hespas_workload/experiments/resnet_fusion/resnet_prof_run/resnet18_train_step_4_devices/mini_module_143.hlo
------------------------------------------------
Runtime estimate for mini_module_143.mlir - runtime: 128.568
-----------------------------------------------------------
Translating MLIR to HLO:
xla-translate --stablehlo-to-hlo-text -o /opt/hespas/hespas_workload/experiments/resnet_fusion/resnet_prof_run/resnet18_train_step_4_devices/mini_module_80.hlo /opt/hespas/hespas_workload/experiments/resnet_fusion/resnet_prof_run/resnet18_train_step_4_devices/mini_module_80.mlir
hlo_runner_main --num_repeats=5 --profile_execution=true --hlo_argument_mode=uninitialized /opt/hespas/hespas_workload/experiments/resnet_fusion/resnet_prof_run/resnet18_train_step_4_devices/mini_module_80.hlo
------------------------------------------------
Runtime estimate for mini_module_80.mlir - runtime: 1608.16
-----------------------------------------------------------
Translating MLIR to HLO:
xla-translate --stablehlo-to-hlo-text -o /opt/hespas/hespas_workload/experiments/resnet_fusion/resnet_prof_run/resnet18_train_step_4_devices/mini_module_78.hlo /opt/hespas/hespas_workload/experiments/resnet_fusion/resnet_prof_run/resnet18_train_step_4_devices/mini_module_78.mlir
hlo_runner_main --num_repeats=5 --profile_execution=true --hlo_argument_mode=uninitialized /opt/hespas/hespas_workload/experiments/resnet_fusion/resnet_prof_run/resnet18_train_step_4_devices/mini_module_78.hlo
------------------------------------------------
Runtime estimate for mini_module_78.mlir - runtime: 2827.0080000000003
-----------------------------------------------------------
Translating MLIR to HLO:
xla-translate --stablehlo-to-hlo-text -o /opt/hespas/hespas_workload/experiments/resnet_fusion/resnet_prof_run/resnet18_train_step_4_devices/mini_module_76.hlo /opt/hespas/hespas_workload/experiments/resnet_fusion/resnet_prof_run/resnet18_train_step_4_devices/mini_module_76.mlir
hlo_runner_main --num_repeats=5 --profile_execution=true --hlo_argument_mode=uninitialized /opt/hespas/hespas_workload/experiments/resnet_fusion/resnet_prof_run/resnet18_train_step_4_devices/mini_module_76.hlo
------------------------------------------------
Runtime estimate for mini_module_76.mlir - runtime: 531.5680000000001
-----------------------------------------------------------
Translating MLIR to HLO:
xla-translate --stablehlo-to-hlo-text -o /opt/hespas/hespas_workload/experiments/resnet_fusion/resnet_prof_run/resnet18_train_step_4_devices/mini_module_74.hlo /opt/hespas/hespas_workload/experiments/resnet_fusion/resnet_prof_run/resnet18_train_step_4_devices/mini_module_74.mlir
hlo_runner_main --num_repeats=5 --profile_execution=true --hlo_argument_mode=uninitialized /opt/hespas/hespas_workload/experiments/resnet_fusion/resnet_prof_run/resnet18_train_step_4_devices/mini_module_74.hlo
------------------------------------------------
Runtime estimate for mini_module_74.mlir - runtime: 568.7280000000001
-----------------------------------------------------------
Cache hit (76) for mini_module_72.mlir - runtime: 531.5680000000001
-----------------------------------------------------------
Translating MLIR to HLO:
xla-translate --stablehlo-to-hlo-text -o /opt/hespas/hespas_workload/experiments/resnet_fusion/resnet_prof_run/resnet18_train_step_4_devices/mini_module_70.hlo /opt/hespas/hespas_workload/experiments/resnet_fusion/resnet_prof_run/resnet18_train_step_4_devices/mini_module_70.mlir
hlo_runner_main --num_repeats=5 --profile_execution=true --hlo_argument_mode=uninitialized /opt/hespas/hespas_workload/experiments/resnet_fusion/resnet_prof_run/resnet18_train_step_4_devices/mini_module_70.hlo
------------------------------------------------
Runtime estimate for mini_module_70.mlir - runtime: 596.0480000000001
-----------------------------------------------------------
Translating MLIR to HLO:
xla-translate --stablehlo-to-hlo-text -o /opt/hespas/hespas_workload/experiments/resnet_fusion/resnet_prof_run/resnet18_train_step_4_devices/mini_module_68.hlo /opt/hespas/hespas_workload/experiments/resnet_fusion/resnet_prof_run/resnet18_train_step_4_devices/mini_module_68.mlir
hlo_runner_main --num_repeats=5 --profile_execution=true --hlo_argument_mode=uninitialized /opt/hespas/hespas_workload/experiments/resnet_fusion/resnet_prof_run/resnet18_train_step_4_devices/mini_module_68.hlo
------------------------------------------------
Runtime estimate for mini_module_68.mlir - runtime: 341.10400000000004
-----------------------------------------------------------
Translating MLIR to HLO:
xla-translate --stablehlo-to-hlo-text -o /opt/hespas/hespas_workload/experiments/resnet_fusion/resnet_prof_run/resnet18_train_step_4_devices/mini_module_66.hlo /opt/hespas/hespas_workload/experiments/resnet_fusion/resnet_prof_run/resnet18_train_step_4_devices/mini_module_66.mlir
hlo_runner_main --num_repeats=5 --profile_execution=true --hlo_argument_mode=uninitialized /opt/hespas/hespas_workload/experiments/resnet_fusion/resnet_prof_run/resnet18_train_step_4_devices/mini_module_66.hlo
------------------------------------------------
Runtime estimate for mini_module_66.mlir - runtime: 245.75200000000004
-----------------------------------------------------------
Translating MLIR to HLO:
xla-translate --stablehlo-to-hlo-text -o /opt/hespas/hespas_workload/experiments/resnet_fusion/resnet_prof_run/resnet18_train_step_4_devices/mini_module_64.hlo /opt/hespas/hespas_workload/experiments/resnet_fusion/resnet_prof_run/resnet18_train_step_4_devices/mini_module_64.mlir
hlo_runner_main --num_repeats=5 --profile_execution=true --hlo_argument_mode=uninitialized /opt/hespas/hespas_workload/experiments/resnet_fusion/resnet_prof_run/resnet18_train_step_4_devices/mini_module_64.hlo
------------------------------------------------
Runtime estimate for mini_module_64.mlir - runtime: 352.00000000000006
-----------------------------------------------------------
Cache hit (68) for mini_module_62.mlir - runtime: 341.10400000000004
-----------------------------------------------------------
Translating MLIR to HLO:
xla-translate --stablehlo-to-hlo-text -o /opt/hespas/hespas_workload/experiments/resnet_fusion/resnet_prof_run/resnet18_train_step_4_devices/mini_module_60.hlo /opt/hespas/hespas_workload/experiments/resnet_fusion/resnet_prof_run/resnet18_train_step_4_devices/mini_module_60.mlir
hlo_runner_main --num_repeats=5 --profile_execution=true --hlo_argument_mode=uninitialized /opt/hespas/hespas_workload/experiments/resnet_fusion/resnet_prof_run/resnet18_train_step_4_devices/mini_module_60.hlo
------------------------------------------------
Runtime estimate for mini_module_60.mlir - runtime: 319.5440000000001
-----------------------------------------------------------
Translating MLIR to HLO:
xla-translate --stablehlo-to-hlo-text -o /opt/hespas/hespas_workload/experiments/resnet_fusion/resnet_prof_run/resnet18_train_step_4_devices/mini_module_58.hlo /opt/hespas/hespas_workload/experiments/resnet_fusion/resnet_prof_run/resnet18_train_step_4_devices/mini_module_58.mlir
hlo_runner_main --num_repeats=5 --profile_execution=true --hlo_argument_mode=uninitialized /opt/hespas/hespas_workload/experiments/resnet_fusion/resnet_prof_run/resnet18_train_step_4_devices/mini_module_58.hlo
------------------------------------------------
Runtime estimate for mini_module_58.mlir - runtime: 264.65600000000006
-----------------------------------------------------------
Translating MLIR to HLO:
xla-translate --stablehlo-to-hlo-text -o /opt/hespas/hespas_workload/experiments/resnet_fusion/resnet_prof_run/resnet18_train_step_4_devices/mini_module_56.hlo /opt/hespas/hespas_workload/experiments/resnet_fusion/resnet_prof_run/resnet18_train_step_4_devices/mini_module_56.mlir
hlo_runner_main --num_repeats=5 --profile_execution=true --hlo_argument_mode=uninitialized /opt/hespas/hespas_workload/experiments/resnet_fusion/resnet_prof_run/resnet18_train_step_4_devices/mini_module_56.hlo
------------------------------------------------
Runtime estimate for mini_module_56.mlir - runtime: 151.83200000000002
-----------------------------------------------------------
Translating MLIR to HLO:
xla-translate --stablehlo-to-hlo-text -o /opt/hespas/hespas_workload/experiments/resnet_fusion/resnet_prof_run/resnet18_train_step_4_devices/mini_module_54.hlo /opt/hespas/hespas_workload/experiments/resnet_fusion/resnet_prof_run/resnet18_train_step_4_devices/mini_module_54.mlir
hlo_runner_main --num_repeats=5 --profile_execution=true --hlo_argument_mode=uninitialized /opt/hespas/hespas_workload/experiments/resnet_fusion/resnet_prof_run/resnet18_train_step_4_devices/mini_module_54.hlo
------------------------------------------------
Runtime estimate for mini_module_54.mlir - runtime: 272.60800000000006
-----------------------------------------------------------
Cache hit (58) for mini_module_52.mlir - runtime: 264.65600000000006
-----------------------------------------------------------
Translating MLIR to HLO:
xla-translate --stablehlo-to-hlo-text -o /opt/hespas/hespas_workload/experiments/resnet_fusion/resnet_prof_run/resnet18_train_step_4_devices/mini_module_50.hlo /opt/hespas/hespas_workload/experiments/resnet_fusion/resnet_prof_run/resnet18_train_step_4_devices/mini_module_50.mlir
hlo_runner_main --num_repeats=5 --profile_execution=true --hlo_argument_mode=uninitialized /opt/hespas/hespas_workload/experiments/resnet_fusion/resnet_prof_run/resnet18_train_step_4_devices/mini_module_50.hlo
------------------------------------------------
Runtime estimate for mini_module_50.mlir - runtime: 243.25600000000003
-----------------------------------------------------------
Translating MLIR to HLO:
xla-translate --stablehlo-to-hlo-text -o /opt/hespas/hespas_workload/experiments/resnet_fusion/resnet_prof_run/resnet18_train_step_4_devices/mini_module_48.hlo /opt/hespas/hespas_workload/experiments/resnet_fusion/resnet_prof_run/resnet18_train_step_4_devices/mini_module_48.mlir
hlo_runner_main --num_repeats=5 --profile_execution=true --hlo_argument_mode=uninitialized /opt/hespas/hespas_workload/experiments/resnet_fusion/resnet_prof_run/resnet18_train_step_4_devices/mini_module_48.hlo
------------------------------------------------
Runtime estimate for mini_module_48.mlir - runtime: 218.66400000000002
-----------------------------------------------------------
Translating MLIR to HLO:
xla-translate --stablehlo-to-hlo-text -o /opt/hespas/hespas_workload/experiments/resnet_fusion/resnet_prof_run/resnet18_train_step_4_devices/mini_module_46.hlo /opt/hespas/hespas_workload/experiments/resnet_fusion/resnet_prof_run/resnet18_train_step_4_devices/mini_module_46.mlir
hlo_runner_main --num_repeats=5 --profile_execution=true --hlo_argument_mode=uninitialized /opt/hespas/hespas_workload/experiments/resnet_fusion/resnet_prof_run/resnet18_train_step_4_devices/mini_module_46.hlo
------------------------------------------------
Runtime estimate for mini_module_46.mlir - runtime: 111.81600000000002
-----------------------------------------------------------
Translating MLIR to HLO:
xla-translate --stablehlo-to-hlo-text -o /opt/hespas/hespas_workload/experiments/resnet_fusion/resnet_prof_run/resnet18_train_step_4_devices/mini_module_44.hlo /opt/hespas/hespas_workload/experiments/resnet_fusion/resnet_prof_run/resnet18_train_step_4_devices/mini_module_44.mlir
hlo_runner_main --num_repeats=5 --profile_execution=true --hlo_argument_mode=uninitialized /opt/hespas/hespas_workload/experiments/resnet_fusion/resnet_prof_run/resnet18_train_step_4_devices/mini_module_44.hlo
------------------------------------------------
Runtime estimate for mini_module_44.mlir - runtime: 225.32800000000003
-----------------------------------------------------------
Cache hit (48) for mini_module_42.mlir - runtime: 218.66400000000002
-----------------------------------------------------------
Translating MLIR to HLO:
xla-translate --stablehlo-to-hlo-text -o /opt/hespas/hespas_workload/experiments/resnet_fusion/resnet_prof_run/resnet18_train_step_4_devices/mini_module_40.hlo /opt/hespas/hespas_workload/experiments/resnet_fusion/resnet_prof_run/resnet18_train_step_4_devices/mini_module_40.mlir
hlo_runner_main --num_repeats=5 --profile_execution=true --hlo_argument_mode=uninitialized /opt/hespas/hespas_workload/experiments/resnet_fusion/resnet_prof_run/resnet18_train_step_4_devices/mini_module_40.hlo
------------------------------------------------
Runtime estimate for mini_module_40.mlir - runtime: 166.632
-----------------------------------------------------------
Translating MLIR to HLO:
xla-translate --stablehlo-to-hlo-text -o /opt/hespas/hespas_workload/experiments/resnet_fusion/resnet_prof_run/resnet18_train_step_4_devices/mini_module_38.hlo /opt/hespas/hespas_workload/experiments/resnet_fusion/resnet_prof_run/resnet18_train_step_4_devices/mini_module_38.mlir
hlo_runner_main --num_repeats=5 --profile_execution=true --hlo_argument_mode=uninitialized /opt/hespas/hespas_workload/experiments/resnet_fusion/resnet_prof_run/resnet18_train_step_4_devices/mini_module_38.hlo
------------------------------------------------
Runtime estimate for mini_module_38.mlir - runtime: 120.57600000000001
-----------------------------------------------------------
Translating MLIR to HLO:
xla-translate --stablehlo-to-hlo-text -o /opt/hespas/hespas_workload/experiments/resnet_fusion/resnet_prof_run/resnet18_train_step_4_devices/mini_module_36.hlo /opt/hespas/hespas_workload/experiments/resnet_fusion/resnet_prof_run/resnet18_train_step_4_devices/mini_module_36.mlir
hlo_runner_main --num_repeats=5 --profile_execution=true --hlo_argument_mode=uninitialized /opt/hespas/hespas_workload/experiments/resnet_fusion/resnet_prof_run/resnet18_train_step_4_devices/mini_module_36.hlo
------------------------------------------------
Runtime estimate for mini_module_36.mlir - runtime: 121.86400000000002
-----------------------------------------------------------
Translating MLIR to HLO:
xla-translate --stablehlo-to-hlo-text -o /opt/hespas/hespas_workload/experiments/resnet_fusion/resnet_prof_run/resnet18_train_step_4_devices/mini_module_34.hlo /opt/hespas/hespas_workload/experiments/resnet_fusion/resnet_prof_run/resnet18_train_step_4_devices/mini_module_34.mlir
hlo_runner_main --num_repeats=5 --profile_execution=true --hlo_argument_mode=uninitialized /opt/hespas/hespas_workload/experiments/resnet_fusion/resnet_prof_run/resnet18_train_step_4_devices/mini_module_34.hlo
------------------------------------------------
Runtime estimate for mini_module_34.mlir - runtime: 50.83200000000001
-----------------------------------------------------------
Cache hit (38) for mini_module_32.mlir - runtime: 120.57600000000001
-----------------------------------------------------------
Translating MLIR to HLO:
xla-translate --stablehlo-to-hlo-text -o /opt/hespas/hespas_workload/experiments/resnet_fusion/resnet_prof_run/resnet18_train_step_4_devices/mini_module_30.hlo /opt/hespas/hespas_workload/experiments/resnet_fusion/resnet_prof_run/resnet18_train_step_4_devices/mini_module_30.mlir
hlo_runner_main --num_repeats=5 --profile_execution=true --hlo_argument_mode=uninitialized /opt/hespas/hespas_workload/experiments/resnet_fusion/resnet_prof_run/resnet18_train_step_4_devices/mini_module_30.hlo
------------------------------------------------
Runtime estimate for mini_module_30.mlir - runtime: 133.256
-----------------------------------------------------------
Translating MLIR to HLO:
xla-translate --stablehlo-to-hlo-text -o /opt/hespas/hespas_workload/experiments/resnet_fusion/resnet_prof_run/resnet18_train_step_4_devices/mini_module_28.hlo /opt/hespas/hespas_workload/experiments/resnet_fusion/resnet_prof_run/resnet18_train_step_4_devices/mini_module_28.mlir
hlo_runner_main --num_repeats=5 --profile_execution=true --hlo_argument_mode=uninitialized /opt/hespas/hespas_workload/experiments/resnet_fusion/resnet_prof_run/resnet18_train_step_4_devices/mini_module_28.hlo
------------------------------------------------
Runtime estimate for mini_module_28.mlir - runtime: 178.11200000000002
-----------------------------------------------------------
Translating MLIR to HLO:
xla-translate --stablehlo-to-hlo-text -o /opt/hespas/hespas_workload/experiments/resnet_fusion/resnet_prof_run/resnet18_train_step_4_devices/mini_module_26.hlo /opt/hespas/hespas_workload/experiments/resnet_fusion/resnet_prof_run/resnet18_train_step_4_devices/mini_module_26.mlir
hlo_runner_main --num_repeats=5 --profile_execution=true --hlo_argument_mode=uninitialized /opt/hespas/hespas_workload/experiments/resnet_fusion/resnet_prof_run/resnet18_train_step_4_devices/mini_module_26.hlo
------------------------------------------------
Runtime estimate for mini_module_26.mlir - runtime: 181.984
-----------------------------------------------------------
Translating MLIR to HLO:
xla-translate --stablehlo-to-hlo-text -o /opt/hespas/hespas_workload/experiments/resnet_fusion/resnet_prof_run/resnet18_train_step_4_devices/mini_module_24.hlo /opt/hespas/hespas_workload/experiments/resnet_fusion/resnet_prof_run/resnet18_train_step_4_devices/mini_module_24.mlir
hlo_runner_main --num_repeats=5 --profile_execution=true --hlo_argument_mode=uninitialized /opt/hespas/hespas_workload/experiments/resnet_fusion/resnet_prof_run/resnet18_train_step_4_devices/mini_module_24.hlo
------------------------------------------------
Runtime estimate for mini_module_24.mlir - runtime: 108.08800000000002
-----------------------------------------------------------
Cache hit (28) for mini_module_22.mlir - runtime: 178.11200000000002
-----------------------------------------------------------
Translating MLIR to HLO:
xla-translate --stablehlo-to-hlo-text -o /opt/hespas/hespas_workload/experiments/resnet_fusion/resnet_prof_run/resnet18_train_step_4_devices/mini_module_20.hlo /opt/hespas/hespas_workload/experiments/resnet_fusion/resnet_prof_run/resnet18_train_step_4_devices/mini_module_20.mlir
hlo_runner_main --num_repeats=5 --profile_execution=true --hlo_argument_mode=uninitialized /opt/hespas/hespas_workload/experiments/resnet_fusion/resnet_prof_run/resnet18_train_step_4_devices/mini_module_20.hlo
------------------------------------------------
Runtime estimate for mini_module_20.mlir - runtime: 229.40800000000002
-----------------------------------------------------------
Translating MLIR to HLO:
xla-translate --stablehlo-to-hlo-text -o /opt/hespas/hespas_workload/experiments/resnet_fusion/resnet_prof_run/resnet18_train_step_4_devices/mini_module_18.hlo /opt/hespas/hespas_workload/experiments/resnet_fusion/resnet_prof_run/resnet18_train_step_4_devices/mini_module_18.mlir
hlo_runner_main --num_repeats=5 --profile_execution=true --hlo_argument_mode=uninitialized /opt/hespas/hespas_workload/experiments/resnet_fusion/resnet_prof_run/resnet18_train_step_4_devices/mini_module_18.hlo
------------------------------------------------
Runtime estimate for mini_module_18.mlir - runtime: 195.56800000000004
-----------------------------------------------------------
Translating MLIR to HLO:
xla-translate --stablehlo-to-hlo-text -o /opt/hespas/hespas_workload/experiments/resnet_fusion/resnet_prof_run/resnet18_train_step_4_devices/mini_module_16.hlo /opt/hespas/hespas_workload/experiments/resnet_fusion/resnet_prof_run/resnet18_train_step_4_devices/mini_module_16.mlir
hlo_runner_main --num_repeats=5 --profile_execution=true --hlo_argument_mode=uninitialized /opt/hespas/hespas_workload/experiments/resnet_fusion/resnet_prof_run/resnet18_train_step_4_devices/mini_module_16.hlo
------------------------------------------------
Runtime estimate for mini_module_16.mlir - runtime: 206.29600000000002
-----------------------------------------------------------
Translating MLIR to HLO:
xla-translate --stablehlo-to-hlo-text -o /opt/hespas/hespas_workload/experiments/resnet_fusion/resnet_prof_run/resnet18_train_step_4_devices/mini_module_14.hlo /opt/hespas/hespas_workload/experiments/resnet_fusion/resnet_prof_run/resnet18_train_step_4_devices/mini_module_14.mlir
hlo_runner_main --num_repeats=5 --profile_execution=true --hlo_argument_mode=uninitialized /opt/hespas/hespas_workload/experiments/resnet_fusion/resnet_prof_run/resnet18_train_step_4_devices/mini_module_14.hlo
------------------------------------------------
Runtime estimate for mini_module_14.mlir - runtime: 119.456
-----------------------------------------------------------
Cache hit (18) for mini_module_12.mlir - runtime: 195.56800000000004
-----------------------------------------------------------
Translating MLIR to HLO:
xla-translate --stablehlo-to-hlo-text -o /opt/hespas/hespas_workload/experiments/resnet_fusion/resnet_prof_run/resnet18_train_step_4_devices/mini_module_10.hlo /opt/hespas/hespas_workload/experiments/resnet_fusion/resnet_prof_run/resnet18_train_step_4_devices/mini_module_10.mlir
hlo_runner_main --num_repeats=5 --profile_execution=true --hlo_argument_mode=uninitialized /opt/hespas/hespas_workload/experiments/resnet_fusion/resnet_prof_run/resnet18_train_step_4_devices/mini_module_10.hlo
------------------------------------------------
Runtime estimate for mini_module_10.mlir - runtime: 299.432
-----------------------------------------------------------
Translating MLIR to HLO:
xla-translate --stablehlo-to-hlo-text -o /opt/hespas/hespas_workload/experiments/resnet_fusion/resnet_prof_run/resnet18_train_step_4_devices/mini_module_8.hlo /opt/hespas/hespas_workload/experiments/resnet_fusion/resnet_prof_run/resnet18_train_step_4_devices/mini_module_8.mlir
hlo_runner_main --num_repeats=5 --profile_execution=true --hlo_argument_mode=uninitialized /opt/hespas/hespas_workload/experiments/resnet_fusion/resnet_prof_run/resnet18_train_step_4_devices/mini_module_8.hlo
------------------------------------------------
Runtime estimate for mini_module_8.mlir - runtime: 331.5280000000001
-----------------------------------------------------------
Translating MLIR to HLO:
xla-translate --stablehlo-to-hlo-text -o /opt/hespas/hespas_workload/experiments/resnet_fusion/resnet_prof_run/resnet18_train_step_4_devices/mini_module_6.hlo /opt/hespas/hespas_workload/experiments/resnet_fusion/resnet_prof_run/resnet18_train_step_4_devices/mini_module_6.mlir
hlo_runner_main --num_repeats=5 --profile_execution=true --hlo_argument_mode=uninitialized /opt/hespas/hespas_workload/experiments/resnet_fusion/resnet_prof_run/resnet18_train_step_4_devices/mini_module_6.hlo
------------------------------------------------
Runtime estimate for mini_module_6.mlir - runtime: 354.83200000000005
-----------------------------------------------------------
Cache hit (8) for mini_module_4.mlir - runtime: 331.5280000000001
-----------------------------------------------------------
Translating MLIR to HLO:
xla-translate --stablehlo-to-hlo-text -o /opt/hespas/hespas_workload/experiments/resnet_fusion/resnet_prof_run/resnet18_train_step_4_devices/mini_module_2.hlo /opt/hespas/hespas_workload/experiments/resnet_fusion/resnet_prof_run/resnet18_train_step_4_devices/mini_module_2.mlir
hlo_runner_main --num_repeats=5 --profile_execution=true --hlo_argument_mode=uninitialized /opt/hespas/hespas_workload/experiments/resnet_fusion/resnet_prof_run/resnet18_train_step_4_devices/mini_module_2.hlo
------------------------------------------------
Runtime estimate for mini_module_2.mlir - runtime: 878.1520000000002
-----------------------------------------------------------
Translating MLIR to HLO:
xla-translate --stablehlo-to-hlo-text -o /opt/hespas/hespas_workload/experiments/resnet_fusion/resnet_prof_run/resnet18_train_step_4_devices/mini_module_0.hlo /opt/hespas/hespas_workload/experiments/resnet_fusion/resnet_prof_run/resnet18_train_step_4_devices/mini_module_0.mlir
hlo_runner_main --num_repeats=5 --profile_execution=true --hlo_argument_mode=uninitialized /opt/hespas/hespas_workload/experiments/resnet_fusion/resnet_prof_run/resnet18_train_step_4_devices/mini_module_0.hlo
------------------------------------------------
Runtime estimate for mini_module_0.mlir - runtime: 2161.8320000000003
------------------------------------------------------------
Linking chakra traces 4 times for all devices.
Chakra gen done.
Cache hits: 8
Basic block reuse rate: 0.18 (8/44)
Operator reuse factor: 0.12 (536/4507)
Total estimator time taken: 121.648s vs total time (without caching): 147.972s (17.79% reduction)
Compute Runtime Estimation: 17228.30 us
Stats: {}
------------------------------------------------------------
Done. Output directory: /opt/hespas/hespas_workload/experiments/resnet_fusion/resnet_prof_run/resnet18_train_step_4_devices
Took 121.657s
